
Warning-[LNX_OS_VERUN] Unsupported Linux version
  Linux version 'Rocky Linux release 8.10 (Green Obsidian)' is not supported 
  on 'x86_64' officially, assuming linux compatibility by default. Set 
  VCS_ARCH_OVERRIDE to linux or suse32 to override.
  Please refer to release notes for information on supported platforms.


Warning-[LINX_KRNL] Unsupported Linux kernel
  Linux kernel '6.19.3-1.el8.elrepo.x86_64' is not supported.
  Supported versions are 2.4* or 2.6*.

Command: vcs -full64 -sverilog -ntb_opts uvm -timescale=1ns/1ps -debug_access+all \
-kdb -f run.f -l compile.log
                         Chronologic VCS (TM)
         Version U-2023.03_Full64 -- Sat Sep 19 15:24:08 2026

                    Copyright (c) 1991 - 2023 Synopsys, Inc.
   This software and the associated documentation are proprietary to Synopsys,
 Inc. This software may only be used in accordance with the terms and conditions
 of a written license agreement with Synopsys, Inc. All other use, reproduction,
   or distribution of this software is strictly prohibited.  Licensed Products
     communicate with Synopsys servers for the purpose of providing software
    updates, detecting software piracy and verifying that customers are using
    Licensed Products in conformity with the applicable License Key for such
  Licensed Products. Synopsys will use information gathered in connection with
    this process to deliver software updates and pursue software pirates and
                                   infringers.

 Inclusivity & Diversity - Visit SolvNetPlus to read the "Synopsys Statement on
            Inclusivity and Diversity" (Refer to article 000036315 at
                        https://solvnetplus.synopsys.com)

Parsing design file '/home/student/snps_tools_target/vcs/U-2023.03/etc/uvm/uvm_pkg.sv'
Parsing included file '/home/student/snps_tools_target/vcs/U-2023.03/etc/uvm/uvm_macros.svh'.
Parsing included file '/home/student/snps_tools_target/vcs/U-2023.03/etc/uvm/macros/uvm_version_defines.svh'.
Back to file '/home/student/snps_tools_target/vcs/U-2023.03/etc/uvm/uvm_macros.svh'.
Parsing included file '/home/student/snps_tools_target/vcs/U-2023.03/etc/uvm/macros/snps_macros.svp'.
Back to file '/home/student/snps_tools_target/vcs/U-2023.03/etc/uvm/uvm_macros.svh'.
Parsing included file '/home/student/snps_tools_target/vcs/U-2023.03/etc/uvm/macros/uvm_message_defines.svh'.
Back to file '/home/student/snps_tools_target/vcs/U-2023.03/etc/uvm/uvm_macros.svh'.
Parsing included file '/home/student/snps_tools_target/vcs/U-2023.03/etc/uvm/macros/uvm_phase_defines.svh'.
Back to file '/home/student/snps_tools_target/vcs/U-2023.03/etc/uvm/uvm_macros.svh'.
Parsing included file '/home/student/snps_tools_target/vcs/U-2023.03/etc/uvm/macros/uvm_object_defines.svh'.
Back to file '/home/student/snps_tools_target/vcs/U-2023.03/etc/uvm/uvm_macros.svh'.
Parsing included file '/home/student/snps_tools_target/vcs/U-2023.03/etc/uvm/macros/uvm_printer_defines.svh'.
Back to file '/home/student/snps_tools_target/vcs/U-2023.03/etc/uvm/uvm_macros.svh'.
Parsing included file '/home/student/snps_tools_target/vcs/U-2023.03/etc/uvm/macros/uvm_tlm_defines.svh'.
Parsing included file '/home/student/snps_tools_target/vcs/U-2023.03/etc/uvm/tlm1/uvm_tlm_imps.svh'.
Back to file '/home/student/snps_tools_target/vcs/U-2023.03/etc/uvm/macros/uvm_tlm_defines.svh'.
Back to file '/home/student/snps_tools_target/vcs/U-2023.03/etc/uvm/uvm_macros.svh'.
Parsing included file '/home/student/snps_tools_target/vcs/U-2023.03/etc/uvm/macros/uvm_sequence_defines.svh'.
Back to file '/home/student/snps_tools_target/vcs/U-2023.03/etc/uvm/uvm_macros.svh'.
Parsing included file '/home/student/snps_tools_target/vcs/U-2023.03/etc/uvm/macros/uvm_callback_defines.svh'.
Back to file '/home/student/snps_tools_target/vcs/U-2023.03/etc/uvm/uvm_macros.svh'.
Parsing included file '/home/student/snps_tools_target/vcs/U-2023.03/etc/uvm/macros/uvm_reg_defines.svh'.
Back to file '/home/student/snps_tools_target/vcs/U-2023.03/etc/uvm/uvm_macros.svh'.
Parsing included file '/home/student/snps_tools_target/vcs/U-2023.03/etc/uvm/macros/uvm_deprecated_defines.svh'.
Back to file '/home/student/snps_tools_target/vcs/U-2023.03/etc/uvm/uvm_macros.svh'.
Back to file '/home/student/snps_tools_target/vcs/U-2023.03/etc/uvm/uvm_pkg.sv'.
Parsing included file '/home/student/snps_tools_target/vcs/U-2023.03/etc/uvm/directc/uvm_directc.svh'.
Parsing included file '/home/student/snps_tools_target/vcs/U-2023.03/etc/uvm/directc/uvm_seed.vh'.
Back to file '/home/student/snps_tools_target/vcs/U-2023.03/etc/uvm/directc/uvm_directc.svh'.
Back to file '/home/student/snps_tools_target/vcs/U-2023.03/etc/uvm/uvm_pkg.sv'.
Parsing included file '/home/student/snps_tools_target/vcs/U-2023.03/etc/uvm/dpi/uvm_dpi.svh'.
Parsing included file '/home/student/snps_tools_target/vcs/U-2023.03/etc/uvm/dpi/uvm_hdl.svh'.
Back to file '/home/student/snps_tools_target/vcs/U-2023.03/etc/uvm/dpi/uvm_dpi.svh'.
Parsing included file '/home/student/snps_tools_target/vcs/U-2023.03/etc/uvm/dpi/uvm_svcmd_dpi.svh'.
Back to file '/home/student/snps_tools_target/vcs/U-2023.03/etc/uvm/dpi/uvm_dpi.svh'.
Parsing included file '/home/student/snps_tools_target/vcs/U-2023.03/etc/uvm/dpi/uvm_regex.svh'.
Back to file '/home/student/snps_tools_target/vcs/U-2023.03/etc/uvm/dpi/uvm_dpi.svh'.
Back to file '/home/student/snps_tools_target/vcs/U-2023.03/etc/uvm/uvm_pkg.sv'.
Parsing included file '/home/student/snps_tools_target/vcs/U-2023.03/etc/uvm/base/uvm_base.svh'.
Parsing included file '/home/student/snps_tools_target/vcs/U-2023.03/etc/uvm/base/uvm_version.svh'.
Back to file '/home/student/snps_tools_target/vcs/U-2023.03/etc/uvm/base/uvm_base.svh'.
Parsing included file '/home/student/snps_tools_target/vcs/U-2023.03/etc/uvm/base/uvm_object_globals.svh'.
Back to file '/home/student/snps_tools_target/vcs/U-2023.03/etc/uvm/base/uvm_base.svh'.
Parsing included file '/home/student/snps_tools_target/vcs/U-2023.03/etc/uvm/base/uvm_misc.svh'.
Back to file '/home/student/snps_tools_target/vcs/U-2023.03/etc/uvm/base/uvm_base.svh'.
Parsing included file '/home/student/snps_tools_target/vcs/U-2023.03/etc/uvm/base/uvm_object.svh'.
Back to file '/home/student/snps_tools_target/vcs/U-2023.03/etc/uvm/base/uvm_base.svh'.
Parsing included file '/home/student/snps_tools_target/vcs/U-2023.03/etc/uvm/base/uvm_pool.svh'.
Back to file '/home/student/snps_tools_target/vcs/U-2023.03/etc/uvm/base/uvm_base.svh'.
Parsing included file '/home/student/snps_tools_target/vcs/U-2023.03/etc/uvm/base/uvm_queue.svh'.
Back to file '/home/student/snps_tools_target/vcs/U-2023.03/etc/uvm/base/uvm_base.svh'.
Parsing included file '/home/student/snps_tools_target/vcs/U-2023.03/etc/uvm/base/uvm_factory.svh'.
Back to file '/home/student/snps_tools_target/vcs/U-2023.03/etc/uvm/base/uvm_base.svh'.
Parsing included file '/home/student/snps_tools_target/vcs/U-2023.03/etc/uvm/base/uvm_registry.svh'.
Back to file '/home/student/snps_tools_target/vcs/U-2023.03/etc/uvm/base/uvm_base.svh'.
Parsing included file '/home/student/snps_tools_target/vcs/U-2023.03/etc/uvm/base/uvm_spell_chkr.svh'.
Back to file '/home/student/snps_tools_target/vcs/U-2023.03/etc/uvm/base/uvm_base.svh'.
Parsing included file '/home/student/snps_tools_target/vcs/U-2023.03/etc/uvm/base/uvm_resource.svh'.
Back to file '/home/student/snps_tools_target/vcs/U-2023.03/etc/uvm/base/uvm_base.svh'.
Parsing included file '/home/student/snps_tools_target/vcs/U-2023.03/etc/uvm/deprecated/uvm_resource_converter.svh'.
Back to file '/home/student/snps_tools_target/vcs/U-2023.03/etc/uvm/base/uvm_base.svh'.
Parsing included file '/home/student/snps_tools_target/vcs/U-2023.03/etc/uvm/base/uvm_resource_specializations.svh'.
Back to file '/home/student/snps_tools_target/vcs/U-2023.03/etc/uvm/base/uvm_base.svh'.
Parsing included file '/home/student/snps_tools_target/vcs/U-2023.03/etc/uvm/base/uvm_resource_db.svh'.
Back to file '/home/student/snps_tools_target/vcs/U-2023.03/etc/uvm/base/uvm_base.svh'.
Parsing included file '/home/student/snps_tools_target/vcs/U-2023.03/etc/uvm/base/uvm_config_db.svh'.
Back to file '/home/student/snps_tools_target/vcs/U-2023.03/etc/uvm/base/uvm_base.svh'.
Parsing included file '/home/student/snps_tools_target/vcs/U-2023.03/etc/uvm/base/uvm_printer.svh'.
Back to file '/home/student/snps_tools_target/vcs/U-2023.03/etc/uvm/base/uvm_base.svh'.
Parsing included file '/home/student/snps_tools_target/vcs/U-2023.03/etc/uvm/base/uvm_comparer.svh'.
Back to file '/home/student/snps_tools_target/vcs/U-2023.03/etc/uvm/base/uvm_base.svh'.
Parsing included file '/home/student/snps_tools_target/vcs/U-2023.03/etc/uvm/base/uvm_packer.svh'.
Back to file '/home/student/snps_tools_target/vcs/U-2023.03/etc/uvm/base/uvm_base.svh'.
Parsing included file '/home/student/snps_tools_target/vcs/U-2023.03/etc/uvm/base/uvm_recorder.svh'.
Back to file '/home/student/snps_tools_target/vcs/U-2023.03/etc/uvm/base/uvm_base.svh'.
Parsing included file '/home/student/snps_tools_target/vcs/U-2023.03/etc/uvm/base/uvm_event_callback.svh'.
Back to file '/home/student/snps_tools_target/vcs/U-2023.03/etc/uvm/base/uvm_base.svh'.
Parsing included file '/home/student/snps_tools_target/vcs/U-2023.03/etc/uvm/base/uvm_event.svh'.
Back to file '/home/student/snps_tools_target/vcs/U-2023.03/etc/uvm/base/uvm_base.svh'.
Parsing included file '/home/student/snps_tools_target/vcs/U-2023.03/etc/uvm/base/uvm_barrier.svh'.
Back to file '/home/student/snps_tools_target/vcs/U-2023.03/etc/uvm/base/uvm_base.svh'.
Parsing included file '/home/student/snps_tools_target/vcs/U-2023.03/etc/uvm/base/uvm_callback.svh'.
Parsing included file '/home/student/snps_tools_target/vcs/U-2023.03/etc/uvm/uvm_macros.svh'.
Back to file '/home/student/snps_tools_target/vcs/U-2023.03/etc/uvm/base/uvm_callback.svh'.
Back to file '/home/student/snps_tools_target/vcs/U-2023.03/etc/uvm/base/uvm_base.svh'.
Parsing included file '/home/student/snps_tools_target/vcs/U-2023.03/etc/uvm/base/uvm_report_catcher.svh'.
Back to file '/home/student/snps_tools_target/vcs/U-2023.03/etc/uvm/base/uvm_base.svh'.
Parsing included file '/home/student/snps_tools_target/vcs/U-2023.03/etc/uvm/base/uvm_report_server.svh'.
Back to file '/home/student/snps_tools_target/vcs/U-2023.03/etc/uvm/base/uvm_base.svh'.
Parsing included file '/home/student/snps_tools_target/vcs/U-2023.03/etc/uvm/base/uvm_report_handler.svh'.
Back to file '/home/student/snps_tools_target/vcs/U-2023.03/etc/uvm/base/uvm_base.svh'.
Parsing included file '/home/student/snps_tools_target/vcs/U-2023.03/etc/uvm/base/uvm_report_object.svh'.
Back to file '/home/student/snps_tools_target/vcs/U-2023.03/etc/uvm/base/uvm_base.svh'.
Parsing included file '/home/student/snps_tools_target/vcs/U-2023.03/etc/uvm/base/uvm_transaction.svh'.
Back to file '/home/student/snps_tools_target/vcs/U-2023.03/etc/uvm/base/uvm_base.svh'.
Parsing included file '/home/student/snps_tools_target/vcs/U-2023.03/etc/uvm/base/uvm_phase.svh'.
Back to file '/home/student/snps_tools_target/vcs/U-2023.03/etc/uvm/base/uvm_base.svh'.
Parsing included file '/home/student/snps_tools_target/vcs/U-2023.03/etc/uvm/base/uvm_domain.svh'.
Back to file '/home/student/snps_tools_target/vcs/U-2023.03/etc/uvm/base/uvm_base.svh'.
Parsing included file '/home/student/snps_tools_target/vcs/U-2023.03/etc/uvm/base/uvm_bottomup_phase.svh'.
Back to file '/home/student/snps_tools_target/vcs/U-2023.03/etc/uvm/base/uvm_base.svh'.
Parsing included file '/home/student/snps_tools_target/vcs/U-2023.03/etc/uvm/base/uvm_topdown_phase.svh'.
Back to file '/home/student/snps_tools_target/vcs/U-2023.03/etc/uvm/base/uvm_base.svh'.
Parsing included file '/home/student/snps_tools_target/vcs/U-2023.03/etc/uvm/base/uvm_task_phase.svh'.
Back to file '/home/student/snps_tools_target/vcs/U-2023.03/etc/uvm/base/uvm_base.svh'.
Parsing included file '/home/student/snps_tools_target/vcs/U-2023.03/etc/uvm/base/uvm_common_phases.svh'.
Back to file '/home/student/snps_tools_target/vcs/U-2023.03/etc/uvm/base/uvm_base.svh'.
Parsing included file '/home/student/snps_tools_target/vcs/U-2023.03/etc/uvm/base/uvm_runtime_phases.svh'.
Back to file '/home/student/snps_tools_target/vcs/U-2023.03/etc/uvm/base/uvm_base.svh'.
Parsing included file '/home/student/snps_tools_target/vcs/U-2023.03/etc/uvm/base/uvm_component.svh'.
Parsing included file '/home/student/snps_tools_target/vcs/U-2023.03/etc/uvm/base/uvm_root.svh'.
Back to file '/home/student/snps_tools_target/vcs/U-2023.03/etc/uvm/base/uvm_component.svh'.
Back to file '/home/student/snps_tools_target/vcs/U-2023.03/etc/uvm/base/uvm_base.svh'.
Parsing included file '/home/student/snps_tools_target/vcs/U-2023.03/etc/uvm/base/uvm_objection.svh'.
Back to file '/home/student/snps_tools_target/vcs/U-2023.03/etc/uvm/base/uvm_base.svh'.
Parsing included file '/home/student/snps_tools_target/vcs/U-2023.03/etc/uvm/base/uvm_heartbeat.svh'.
Back to file '/home/student/snps_tools_target/vcs/U-2023.03/etc/uvm/base/uvm_base.svh'.
Parsing included file '/home/student/snps_tools_target/vcs/U-2023.03/etc/uvm/base/uvm_globals.svh'.
Back to file '/home/student/snps_tools_target/vcs/U-2023.03/etc/uvm/base/uvm_base.svh'.
Parsing included file '/home/student/snps_tools_target/vcs/U-2023.03/etc/uvm/base/uvm_cmdline_processor.svh'.
Back to file '/home/student/snps_tools_target/vcs/U-2023.03/etc/uvm/base/uvm_base.svh'.
Back to file '/home/student/snps_tools_target/vcs/U-2023.03/etc/uvm/uvm_pkg.sv'.
Parsing included file '/home/student/snps_tools_target/vcs/U-2023.03/etc/uvm/tlm1/uvm_tlm.svh'.
Parsing included file '/home/student/snps_tools_target/vcs/U-2023.03/etc/uvm/tlm1/uvm_tlm_ifs.svh'.
Back to file '/home/student/snps_tools_target/vcs/U-2023.03/etc/uvm/tlm1/uvm_tlm.svh'.
Parsing included file '/home/student/snps_tools_target/vcs/U-2023.03/etc/uvm/tlm1/uvm_sqr_ifs.svh'.
Back to file '/home/student/snps_tools_target/vcs/U-2023.03/etc/uvm/tlm1/uvm_tlm.svh'.
Parsing included file '/home/student/snps_tools_target/vcs/U-2023.03/etc/uvm/base/uvm_port_base.svh'.
Back to file '/home/student/snps_tools_target/vcs/U-2023.03/etc/uvm/tlm1/uvm_tlm.svh'.
Parsing included file '/home/student/snps_tools_target/vcs/U-2023.03/etc/uvm/tlm1/uvm_tlm_imps.svh'.
Back to file '/home/student/snps_tools_target/vcs/U-2023.03/etc/uvm/tlm1/uvm_tlm.svh'.
Parsing included file '/home/student/snps_tools_target/vcs/U-2023.03/etc/uvm/tlm1/uvm_imps.svh'.
Back to file '/home/student/snps_tools_target/vcs/U-2023.03/etc/uvm/tlm1/uvm_tlm.svh'.
Parsing included file '/home/student/snps_tools_target/vcs/U-2023.03/etc/uvm/tlm1/uvm_ports.svh'.
Back to file '/home/student/snps_tools_target/vcs/U-2023.03/etc/uvm/tlm1/uvm_tlm.svh'.
Parsing included file '/home/student/snps_tools_target/vcs/U-2023.03/etc/uvm/tlm1/uvm_exports.svh'.
Back to file '/home/student/snps_tools_target/vcs/U-2023.03/etc/uvm/tlm1/uvm_tlm.svh'.
Parsing included file '/home/student/snps_tools_target/vcs/U-2023.03/etc/uvm/tlm1/uvm_analysis_port.svh'.
Back to file '/home/student/snps_tools_target/vcs/U-2023.03/etc/uvm/tlm1/uvm_tlm.svh'.
Parsing included file '/home/student/snps_tools_target/vcs/U-2023.03/etc/uvm/tlm1/uvm_tlm_fifo_base.svh'.
Back to file '/home/student/snps_tools_target/vcs/U-2023.03/etc/uvm/tlm1/uvm_tlm.svh'.
Parsing included file '/home/student/snps_tools_target/vcs/U-2023.03/etc/uvm/tlm1/uvm_tlm_fifos.svh'.
Back to file '/home/student/snps_tools_target/vcs/U-2023.03/etc/uvm/tlm1/uvm_tlm.svh'.
Parsing included file '/home/student/snps_tools_target/vcs/U-2023.03/etc/uvm/tlm1/uvm_tlm_req_rsp.svh'.
Back to file '/home/student/snps_tools_target/vcs/U-2023.03/etc/uvm/tlm1/uvm_tlm.svh'.
Parsing included file '/home/student/snps_tools_target/vcs/U-2023.03/etc/uvm/tlm1/uvm_sqr_connections.svh'.
Back to file '/home/student/snps_tools_target/vcs/U-2023.03/etc/uvm/tlm1/uvm_tlm.svh'.
Back to file '/home/student/snps_tools_target/vcs/U-2023.03/etc/uvm/uvm_pkg.sv'.
Parsing included file '/home/student/snps_tools_target/vcs/U-2023.03/etc/uvm/comps/uvm_comps.svh'.
Parsing included file '/home/student/snps_tools_target/vcs/U-2023.03/etc/uvm/comps/uvm_pair.svh'.
Back to file '/home/student/snps_tools_target/vcs/U-2023.03/etc/uvm/comps/uvm_comps.svh'.
Parsing included file '/home/student/snps_tools_target/vcs/U-2023.03/etc/uvm/comps/uvm_policies.svh'.
Back to file '/home/student/snps_tools_target/vcs/U-2023.03/etc/uvm/comps/uvm_comps.svh'.
Parsing included file '/home/student/snps_tools_target/vcs/U-2023.03/etc/uvm/comps/uvm_in_order_comparator.svh'.
Back to file '/home/student/snps_tools_target/vcs/U-2023.03/etc/uvm/comps/uvm_comps.svh'.
Parsing included file '/home/student/snps_tools_target/vcs/U-2023.03/etc/uvm/comps/uvm_algorithmic_comparator.svh'.
Back to file '/home/student/snps_tools_target/vcs/U-2023.03/etc/uvm/comps/uvm_comps.svh'.
Parsing included file '/home/student/snps_tools_target/vcs/U-2023.03/etc/uvm/comps/uvm_random_stimulus.svh'.
Back to file '/home/student/snps_tools_target/vcs/U-2023.03/etc/uvm/comps/uvm_comps.svh'.
Parsing included file '/home/student/snps_tools_target/vcs/U-2023.03/etc/uvm/comps/uvm_subscriber.svh'.
Back to file '/home/student/snps_tools_target/vcs/U-2023.03/etc/uvm/comps/uvm_comps.svh'.
Parsing included file '/home/student/snps_tools_target/vcs/U-2023.03/etc/uvm/comps/uvm_monitor.svh'.
Back to file '/home/student/snps_tools_target/vcs/U-2023.03/etc/uvm/comps/uvm_comps.svh'.
Parsing included file '/home/student/snps_tools_target/vcs/U-2023.03/etc/uvm/comps/uvm_driver.svh'.
Back to file '/home/student/snps_tools_target/vcs/U-2023.03/etc/uvm/comps/uvm_comps.svh'.
Parsing included file '/home/student/snps_tools_target/vcs/U-2023.03/etc/uvm/comps/uvm_push_driver.svh'.
Back to file '/home/student/snps_tools_target/vcs/U-2023.03/etc/uvm/comps/uvm_comps.svh'.
Parsing included file '/home/student/snps_tools_target/vcs/U-2023.03/etc/uvm/comps/uvm_scoreboard.svh'.
Back to file '/home/student/snps_tools_target/vcs/U-2023.03/etc/uvm/comps/uvm_comps.svh'.
Parsing included file '/home/student/snps_tools_target/vcs/U-2023.03/etc/uvm/comps/uvm_agent.svh'.
Back to file '/home/student/snps_tools_target/vcs/U-2023.03/etc/uvm/comps/uvm_comps.svh'.
Parsing included file '/home/student/snps_tools_target/vcs/U-2023.03/etc/uvm/comps/uvm_env.svh'.
Back to file '/home/student/snps_tools_target/vcs/U-2023.03/etc/uvm/comps/uvm_comps.svh'.
Parsing included file '/home/student/snps_tools_target/vcs/U-2023.03/etc/uvm/comps/uvm_test.svh'.
Back to file '/home/student/snps_tools_target/vcs/U-2023.03/etc/uvm/comps/uvm_comps.svh'.
Back to file '/home/student/snps_tools_target/vcs/U-2023.03/etc/uvm/uvm_pkg.sv'.
Parsing included file '/home/student/snps_tools_target/vcs/U-2023.03/etc/uvm/seq/uvm_seq.svh'.
Parsing included file '/home/student/snps_tools_target/vcs/U-2023.03/etc/uvm/seq/uvm_sequence_item.svh'.
Back to file '/home/student/snps_tools_target/vcs/U-2023.03/etc/uvm/seq/uvm_seq.svh'.
Parsing included file '/home/student/snps_tools_target/vcs/U-2023.03/etc/uvm/seq/uvm_sequencer_base.svh'.
Back to file '/home/student/snps_tools_target/vcs/U-2023.03/etc/uvm/seq/uvm_seq.svh'.
Parsing included file '/home/student/snps_tools_target/vcs/U-2023.03/etc/uvm/seq/uvm_sequencer_analysis_fifo.svh'.
Back to file '/home/student/snps_tools_target/vcs/U-2023.03/etc/uvm/seq/uvm_seq.svh'.
Parsing included file '/home/student/snps_tools_target/vcs/U-2023.03/etc/uvm/seq/uvm_sequencer_param_base.svh'.
Back to file '/home/student/snps_tools_target/vcs/U-2023.03/etc/uvm/seq/uvm_seq.svh'.
Parsing included file '/home/student/snps_tools_target/vcs/U-2023.03/etc/uvm/seq/uvm_sequencer.svh'.
Back to file '/home/student/snps_tools_target/vcs/U-2023.03/etc/uvm/seq/uvm_seq.svh'.
Parsing included file '/home/student/snps_tools_target/vcs/U-2023.03/etc/uvm/seq/uvm_push_sequencer.svh'.
Back to file '/home/student/snps_tools_target/vcs/U-2023.03/etc/uvm/seq/uvm_seq.svh'.
Parsing included file '/home/student/snps_tools_target/vcs/U-2023.03/etc/uvm/seq/uvm_sequence_base.svh'.
Back to file '/home/student/snps_tools_target/vcs/U-2023.03/etc/uvm/seq/uvm_seq.svh'.
Parsing included file '/home/student/snps_tools_target/vcs/U-2023.03/etc/uvm/seq/uvm_sequence.svh'.
Back to file '/home/student/snps_tools_target/vcs/U-2023.03/etc/uvm/seq/uvm_seq.svh'.
Parsing included file '/home/student/snps_tools_target/vcs/U-2023.03/etc/uvm/seq/uvm_sequence_library.svh'.
Back to file '/home/student/snps_tools_target/vcs/U-2023.03/etc/uvm/seq/uvm_seq.svh'.
Parsing included file '/home/student/snps_tools_target/vcs/U-2023.03/etc/uvm/seq/uvm_sequence_builtin.svh'.
Back to file '/home/student/snps_tools_target/vcs/U-2023.03/etc/uvm/seq/uvm_seq.svh'.
Back to file '/home/student/snps_tools_target/vcs/U-2023.03/etc/uvm/uvm_pkg.sv'.
Parsing included file '/home/student/snps_tools_target/vcs/U-2023.03/etc/uvm/tlm2/uvm_tlm2.svh'.
Parsing included file '/home/student/snps_tools_target/vcs/U-2023.03/etc/uvm/tlm2/uvm_tlm2_defines.svh'.
Back to file '/home/student/snps_tools_target/vcs/U-2023.03/etc/uvm/tlm2/uvm_tlm2.svh'.
Parsing included file '/home/student/snps_tools_target/vcs/U-2023.03/etc/uvm/tlm2/uvm_tlm2_time.svh'.
Back to file '/home/student/snps_tools_target/vcs/U-2023.03/etc/uvm/tlm2/uvm_tlm2.svh'.
Parsing included file '/home/student/snps_tools_target/vcs/U-2023.03/etc/uvm/tlm2/uvm_tlm2_generic_payload.svh'.
Back to file '/home/student/snps_tools_target/vcs/U-2023.03/etc/uvm/tlm2/uvm_tlm2.svh'.
Parsing included file '/home/student/snps_tools_target/vcs/U-2023.03/etc/uvm/tlm2/uvm_tlm2_ifs.svh'.
Back to file '/home/student/snps_tools_target/vcs/U-2023.03/etc/uvm/tlm2/uvm_tlm2.svh'.
Parsing included file '/home/student/snps_tools_target/vcs/U-2023.03/etc/uvm/tlm2/uvm_tlm2_imps.svh'.
Back to file '/home/student/snps_tools_target/vcs/U-2023.03/etc/uvm/tlm2/uvm_tlm2.svh'.
Parsing included file '/home/student/snps_tools_target/vcs/U-2023.03/etc/uvm/tlm2/uvm_tlm2_ports.svh'.
Back to file '/home/student/snps_tools_target/vcs/U-2023.03/etc/uvm/tlm2/uvm_tlm2.svh'.
Parsing included file '/home/student/snps_tools_target/vcs/U-2023.03/etc/uvm/tlm2/uvm_tlm2_exports.svh'.
Back to file '/home/student/snps_tools_target/vcs/U-2023.03/etc/uvm/tlm2/uvm_tlm2.svh'.
Parsing included file '/home/student/snps_tools_target/vcs/U-2023.03/etc/uvm/tlm2/uvm_tlm2_sockets_base.svh'.
Back to file '/home/student/snps_tools_target/vcs/U-2023.03/etc/uvm/tlm2/uvm_tlm2.svh'.
Parsing included file '/home/student/snps_tools_target/vcs/U-2023.03/etc/uvm/tlm2/uvm_tlm2_sockets.svh'.
Back to file '/home/student/snps_tools_target/vcs/U-2023.03/etc/uvm/tlm2/uvm_tlm2.svh'.
Back to file '/home/student/snps_tools_target/vcs/U-2023.03/etc/uvm/uvm_pkg.sv'.
Parsing included file '/home/student/snps_tools_target/vcs/U-2023.03/etc/uvm/reg/uvm_reg_model.svh'.
Parsing included file '/home/student/snps_tools_target/vcs/U-2023.03/etc/uvm/reg/uvm_reg_item.svh'.
Back to file '/home/student/snps_tools_target/vcs/U-2023.03/etc/uvm/reg/uvm_reg_model.svh'.
Parsing included file '/home/student/snps_tools_target/vcs/U-2023.03/etc/uvm/reg/uvm_reg_adapter.svh'.
Back to file '/home/student/snps_tools_target/vcs/U-2023.03/etc/uvm/reg/uvm_reg_model.svh'.
Parsing included file '/home/student/snps_tools_target/vcs/U-2023.03/etc/uvm/reg/uvm_reg_predictor.svh'.
Back to file '/home/student/snps_tools_target/vcs/U-2023.03/etc/uvm/reg/uvm_reg_model.svh'.
Parsing included file '/home/student/snps_tools_target/vcs/U-2023.03/etc/uvm/reg/uvm_reg_sequence.svh'.
Back to file '/home/student/snps_tools_target/vcs/U-2023.03/etc/uvm/reg/uvm_reg_model.svh'.
Parsing included file '/home/student/snps_tools_target/vcs/U-2023.03/etc/uvm/reg/uvm_reg_cbs.svh'.
Back to file '/home/student/snps_tools_target/vcs/U-2023.03/etc/uvm/reg/uvm_reg_model.svh'.
Parsing included file '/home/student/snps_tools_target/vcs/U-2023.03/etc/uvm/reg/uvm_reg_backdoor.svh'.
Back to file '/home/student/snps_tools_target/vcs/U-2023.03/etc/uvm/reg/uvm_reg_model.svh'.
Parsing included file '/home/student/snps_tools_target/vcs/U-2023.03/etc/uvm/reg/uvm_reg_field.svh'.
Back to file '/home/student/snps_tools_target/vcs/U-2023.03/etc/uvm/reg/uvm_reg_model.svh'.
Parsing included file '/home/student/snps_tools_target/vcs/U-2023.03/etc/uvm/reg/uvm_vreg_field.svh'.
Back to file '/home/student/snps_tools_target/vcs/U-2023.03/etc/uvm/reg/uvm_reg_model.svh'.
Parsing included file '/home/student/snps_tools_target/vcs/U-2023.03/etc/uvm/reg/uvm_reg.svh'.
Back to file '/home/student/snps_tools_target/vcs/U-2023.03/etc/uvm/reg/uvm_reg_model.svh'.
Parsing included file '/home/student/snps_tools_target/vcs/U-2023.03/etc/uvm/reg/uvm_reg_indirect.svh'.
Back to file '/home/student/snps_tools_target/vcs/U-2023.03/etc/uvm/reg/uvm_reg_model.svh'.
Parsing included file '/home/student/snps_tools_target/vcs/U-2023.03/etc/uvm/reg/uvm_reg_fifo.svh'.
Back to file '/home/student/snps_tools_target/vcs/U-2023.03/etc/uvm/reg/uvm_reg_model.svh'.
Parsing included file '/home/student/snps_tools_target/vcs/U-2023.03/etc/uvm/reg/uvm_reg_file.svh'.
Back to file '/home/student/snps_tools_target/vcs/U-2023.03/etc/uvm/reg/uvm_reg_model.svh'.
Parsing included file '/home/student/snps_tools_target/vcs/U-2023.03/etc/uvm/reg/uvm_mem_mam.svh'.
Back to file '/home/student/snps_tools_target/vcs/U-2023.03/etc/uvm/reg/uvm_reg_model.svh'.
Parsing included file '/home/student/snps_tools_target/vcs/U-2023.03/etc/uvm/reg/uvm_vreg.svh'.
Back to file '/home/student/snps_tools_target/vcs/U-2023.03/etc/uvm/reg/uvm_reg_model.svh'.
Parsing included file '/home/student/snps_tools_target/vcs/U-2023.03/etc/uvm/reg/uvm_mem.svh'.
Back to file '/home/student/snps_tools_target/vcs/U-2023.03/etc/uvm/reg/uvm_reg_model.svh'.
Parsing included file '/home/student/snps_tools_target/vcs/U-2023.03/etc/uvm/reg/uvm_reg_map.svh'.
Back to file '/home/student/snps_tools_target/vcs/U-2023.03/etc/uvm/reg/uvm_reg_model.svh'.
Parsing included file '/home/student/snps_tools_target/vcs/U-2023.03/etc/uvm/reg/uvm_reg_block.svh'.
Back to file '/home/student/snps_tools_target/vcs/U-2023.03/etc/uvm/reg/uvm_reg_model.svh'.
Parsing included file '/home/student/snps_tools_target/vcs/U-2023.03/etc/uvm/reg/sequences/uvm_reg_hw_reset_seq.svh'.
Back to file '/home/student/snps_tools_target/vcs/U-2023.03/etc/uvm/reg/uvm_reg_model.svh'.
Parsing included file '/home/student/snps_tools_target/vcs/U-2023.03/etc/uvm/reg/sequences/uvm_reg_bit_bash_seq.svh'.
Back to file '/home/student/snps_tools_target/vcs/U-2023.03/etc/uvm/reg/uvm_reg_model.svh'.
Parsing included file '/home/student/snps_tools_target/vcs/U-2023.03/etc/uvm/reg/sequences/uvm_mem_walk_seq.svh'.
Back to file '/home/student/snps_tools_target/vcs/U-2023.03/etc/uvm/reg/uvm_reg_model.svh'.
Parsing included file '/home/student/snps_tools_target/vcs/U-2023.03/etc/uvm/reg/sequences/uvm_mem_access_seq.svh'.
Back to file '/home/student/snps_tools_target/vcs/U-2023.03/etc/uvm/reg/uvm_reg_model.svh'.
Parsing included file '/home/student/snps_tools_target/vcs/U-2023.03/etc/uvm/reg/sequences/uvm_reg_access_seq.svh'.
Back to file '/home/student/snps_tools_target/vcs/U-2023.03/etc/uvm/reg/uvm_reg_model.svh'.
Parsing included file '/home/student/snps_tools_target/vcs/U-2023.03/etc/uvm/reg/sequences/uvm_reg_mem_shared_access_seq.svh'.
Back to file '/home/student/snps_tools_target/vcs/U-2023.03/etc/uvm/reg/uvm_reg_model.svh'.
Parsing included file '/home/student/snps_tools_target/vcs/U-2023.03/etc/uvm/reg/sequences/uvm_reg_mem_built_in_seq.svh'.
Back to file '/home/student/snps_tools_target/vcs/U-2023.03/etc/uvm/reg/uvm_reg_model.svh'.
Parsing included file '/home/student/snps_tools_target/vcs/U-2023.03/etc/uvm/reg/sequences/uvm_reg_mem_hdl_paths_seq.svh'.
Back to file '/home/student/snps_tools_target/vcs/U-2023.03/etc/uvm/reg/uvm_reg_model.svh'.
Parsing included file '/home/student/snps_tools_target/vcs/U-2023.03/etc/uvm/reg/snps_uvm_reg_bank.svh'.
Back to file '/home/student/snps_tools_target/vcs/U-2023.03/etc/uvm/reg/uvm_reg_model.svh'.
Back to file '/home/student/snps_tools_target/vcs/U-2023.03/etc/uvm/uvm_pkg.sv'.
Parsing included file '/home/student/snps_tools_target/vcs/U-2023.03/etc/uvm/vcs/vcs_uvm_alt.sv'.
Back to file '/home/student/snps_tools_target/vcs/U-2023.03/etc/uvm/uvm_pkg.sv'.
Parsing design file '/home/student/snps_tools_target/vcs/U-2023.03/etc/uvm/vcs/uvm_custom_install_vcs_recorder.sv'
Parsing included file '/home/student/snps_tools_target/vcs/U-2023.03/etc/uvm/vcs/msglog.svh'.
Back to file '/home/student/snps_tools_target/vcs/U-2023.03/etc/uvm/vcs/uvm_custom_install_vcs_recorder.sv'.
Parsing included file '/home/student/snps_tools_target/vcs/U-2023.03/etc/uvm/vcs/uvm_msglog_report_server.sv'.
Back to file '/home/student/snps_tools_target/vcs/U-2023.03/etc/uvm/vcs/uvm_custom_install_vcs_recorder.sv'.
Parsing included file '/home/student/snps_tools_target/vcs/U-2023.03/etc/uvm/vcs/uvm_vcs_recorder.svh'.
Back to file '/home/student/snps_tools_target/vcs/U-2023.03/etc/uvm/vcs/uvm_custom_install_vcs_recorder.sv'.
Parsing included file '/home/student/snps_tools_target/vcs/U-2023.03/etc/uvm/vcs/uvm_vcs_record_interface.sv'.
Back to file '/home/student/snps_tools_target/vcs/U-2023.03/etc/uvm/vcs/uvm_custom_install_vcs_recorder.sv'.
Parsing design file '/home/student/snps_tools_target/vcs/U-2023.03/etc/uvm/verdi/uvm_custom_install_verdi_recorder.sv'
Parsing included file '/home/student/snps_tools_target/vcs/U-2023.03/etc/uvm/uvm_macros.svh'.
Back to file '/home/student/snps_tools_target/vcs/U-2023.03/etc/uvm/verdi/uvm_custom_install_verdi_recorder.sv'.
Parsing included file '/home/student/snps_tools_target/vcs/U-2023.03/etc/uvm/verdi/uvm_verdi_recorder.svh'.
Parsing included file '/home/student/snps_tools_target/vcs/U-2023.03/etc/uvm/verdi/uvm_verdi_pli_base.svh'.
Back to file '/home/student/snps_tools_target/vcs/U-2023.03/etc/uvm/verdi/uvm_verdi_recorder.svh'.
Back to file '/home/student/snps_tools_target/vcs/U-2023.03/etc/uvm/verdi/uvm_custom_install_verdi_recorder.sv'.
Parsing included file '/home/student/snps_tools_target/vcs/U-2023.03/etc/uvm/verdi/uvm_verdi_reg_map_recording.sv'.
Back to file '/home/student/snps_tools_target/vcs/U-2023.03/etc/uvm/verdi/uvm_custom_install_verdi_recorder.sv'.
Parsing included file '/home/student/snps_tools_target/vcs/U-2023.03/etc/uvm/verdi/uvm_verdi_message_catcher.svh'.
Parsing included file '/home/student/snps_tools_target/vcs/U-2023.03/etc/uvm/verdi/uvm_verdi_pli_base.svh'.
Back to file '/home/student/snps_tools_target/vcs/U-2023.03/etc/uvm/verdi/uvm_verdi_message_catcher.svh'.
Back to file '/home/student/snps_tools_target/vcs/U-2023.03/etc/uvm/verdi/uvm_custom_install_verdi_recorder.sv'.
Parsing included file '/home/student/snps_tools_target/vcs/U-2023.03/etc/uvm/verdi/./dpi/uvm_verdi_dpi.svh'.
Back to file '/home/student/snps_tools_target/vcs/U-2023.03/etc/uvm/verdi/uvm_custom_install_verdi_recorder.sv'.
Parsing included file '/home/student/snps_tools_target/vcs/U-2023.03/etc/uvm/verdi/uvm_verdi_reg_recording.sv'.
Back to file '/home/student/snps_tools_target/vcs/U-2023.03/etc/uvm/verdi/uvm_custom_install_verdi_recorder.sv'.
Parsing included file '/home/student/snps_tools_target/verdi/U-2023.03-SP1/share/PLI/VCS/include/verdi_trans_recorder_dpi.svh'.
Back to file '/home/student/snps_tools_target/vcs/U-2023.03/etc/uvm/verdi/uvm_custom_install_verdi_recorder.sv'.
Parsing included file '/home/student/snps_tools_target/vcs/U-2023.03/etc/uvm/verdi/uvm_verdi_pli.svh'.
Back to file '/home/student/snps_tools_target/vcs/U-2023.03/etc/uvm/verdi/uvm_custom_install_verdi_recorder.sv'.
Parsing design file '/home/student/snps_tools_target/vcs/U-2023.03/etc/uvm/verdi/uvm_custom_install_verdi_recorder.sv'
Parsing design file '../rtl/interconnect/priority_encoder.v'
Parsing design file '../rtl/interconnect/arbiter.v'
Parsing design file '../rtl/interconnect/axi_interconnect.v'
Parsing design file '../rtl/axi_interconnect_wrap_3x15.v'
Parsing design file '../tb/tb_axi_interconnect_3x15.sv'
Top Level Modules:
       uvm_custom_install_recording
       uvm_custom_install_verdi_recording
       tb_axi_interconnect_3x15
TimeScale is 1 ns / 1 ps

Warning-[TFIPC] Too few instance port connections
../tb/tb_axi_interconnect_3x15.sv, 395
tb_axi_interconnect_3x15, "axi_interconnect_wrap_3x15 dut( .clk (clk),  .rst (rst),  .s00_axi_awid (s00_awid),  .s00_axi_awaddr (s00_awaddr),  .s00_axi_awlen (s00_awlen),  .s00_axi_awsize (s00_awsize),  .s00_axi_awburst (s00_awburst),  .s00_axi_awvalid (s00_awvalid),  .s00_axi_awready (s00_awready),  .s00_axi_wdata (s00_wdata),  .s00_axi_wstrb (s00_wstrb),  .s00_axi_wlast (s00_wlast),  .s00_axi_wvalid (s00_wvalid),  .s00_axi_wready (s00_wready),  .s00_axi_bid (s00_bid),  .s00_axi_bresp (s00_bresp),  .s00_axi_bvalid (s00_bvalid),  .s00_axi_bready (s00_bready),  .s00_axi_arid (s00_arid),  .s00_axi_araddr (s00_araddr),  .s00_axi_arlen (s00_arlen),  .s00_axi_arsize (s00_arsize),  .s00_axi_arburst (s00_arburst),  .s00_axi_arvalid (s00_arvalid),  .s00_axi_arready (s00_arready),  .s00_a ... "
  The above instance has fewer port connections than the module definition.
  Please use '+lint=TFIPC-L' to print out detailed information of unconnected 
  ports.


Warning-[PCWM-W] Port connection width mismatch
../tb/tb_axi_interconnect_3x15.sv, 395
"axi_interconnect_wrap_3x15 dut( .clk (clk),  .rst (rst),  .s00_axi_awid (s00_awid),  .s00_axi_awaddr (s00_awaddr),  .s00_axi_awlen (s00_awlen),  .s00_axi_awsize (s00_awsize),  .s00_axi_awburst (s00_awburst),  .s00_axi_awvalid (s00_awvalid),  .s00_axi_awready (s00_awready),  .s00_axi_wdata (s00_wdata),  .s00_axi_wstrb (s00_wstrb),  .s00_axi_wlast (s00_wlast),  .s00_axi_wvalid (s00_wvalid),  .s00_axi_wready (s00_wready),  .s00_axi_bid (s00_bid),  .s00_axi_bresp (s00_bresp),  .s00_axi_bvalid (s00_bvalid),  .s00_axi_bready (s00_bready),  .s00_axi_arid (s00_arid),  .s00_axi_araddr (s00_araddr),  .s00_axi_arlen (s00_arlen),  .s00_axi_arsize (s00_arsize),  .s00_axi_arburst (s00_arburst),  .s00_axi_arvalid (s00_arvalid),  .s00_axi_arready (s00_arready),  .s00_a ... "
  The following 64-bit expression is connected to 32-bit port "s00_axi_wdata" 
  of module "axi_interconnect_wrap_3x15", instance "dut".
  Expression: s00_wdata
  Instantiated module defined at: "../rtl/axi_interconnect_wrap_3x15.v", 34
  Use +lint=PCWM for more details.


Warning-[PCWM-W] Port connection width mismatch
../tb/tb_axi_interconnect_3x15.sv, 395
"axi_interconnect_wrap_3x15 dut( .clk (clk),  .rst (rst),  .s00_axi_awid (s00_awid),  .s00_axi_awaddr (s00_awaddr),  .s00_axi_awlen (s00_awlen),  .s00_axi_awsize (s00_awsize),  .s00_axi_awburst (s00_awburst),  .s00_axi_awvalid (s00_awvalid),  .s00_axi_awready (s00_awready),  .s00_axi_wdata (s00_wdata),  .s00_axi_wstrb (s00_wstrb),  .s00_axi_wlast (s00_wlast),  .s00_axi_wvalid (s00_wvalid),  .s00_axi_wready (s00_wready),  .s00_axi_bid (s00_bid),  .s00_axi_bresp (s00_bresp),  .s00_axi_bvalid (s00_bvalid),  .s00_axi_bready (s00_bready),  .s00_axi_arid (s00_arid),  .s00_axi_araddr (s00_araddr),  .s00_axi_arlen (s00_arlen),  .s00_axi_arsize (s00_arsize),  .s00_axi_arburst (s00_arburst),  .s00_axi_arvalid (s00_arvalid),  .s00_axi_arready (s00_arready),  .s00_a ... "
  The following 8-bit expression is connected to 4-bit port "s00_axi_wstrb" of
  module "axi_interconnect_wrap_3x15", instance "dut".
  Expression: s00_wstrb
  Instantiated module defined at: "../rtl/axi_interconnect_wrap_3x15.v", 34
  Use +lint=PCWM for more details.


Warning-[PCWM-W] Port connection width mismatch
../tb/tb_axi_interconnect_3x15.sv, 395
"axi_interconnect_wrap_3x15 dut( .clk (clk),  .rst (rst),  .s00_axi_awid (s00_awid),  .s00_axi_awaddr (s00_awaddr),  .s00_axi_awlen (s00_awlen),  .s00_axi_awsize (s00_awsize),  .s00_axi_awburst (s00_awburst),  .s00_axi_awvalid (s00_awvalid),  .s00_axi_awready (s00_awready),  .s00_axi_wdata (s00_wdata),  .s00_axi_wstrb (s00_wstrb),  .s00_axi_wlast (s00_wlast),  .s00_axi_wvalid (s00_wvalid),  .s00_axi_wready (s00_wready),  .s00_axi_bid (s00_bid),  .s00_axi_bresp (s00_bresp),  .s00_axi_bvalid (s00_bvalid),  .s00_axi_bready (s00_bready),  .s00_axi_arid (s00_arid),  .s00_axi_araddr (s00_araddr),  .s00_axi_arlen (s00_arlen),  .s00_axi_arsize (s00_arsize),  .s00_axi_arburst (s00_arburst),  .s00_axi_arvalid (s00_arvalid),  .s00_axi_arready (s00_arready),  .s00_a ... "
  The following 64-bit expression is connected to 32-bit port "s00_axi_rdata" 
  of module "axi_interconnect_wrap_3x15", instance "dut".
  Expression: s00_rdata
  Instantiated module defined at: "../rtl/axi_interconnect_wrap_3x15.v", 34
  Use +lint=PCWM for more details.


Warning-[PCWM-W] Port connection width mismatch
../tb/tb_axi_interconnect_3x15.sv, 395
"axi_interconnect_wrap_3x15 dut( .clk (clk),  .rst (rst),  .s00_axi_awid (s00_awid),  .s00_axi_awaddr (s00_awaddr),  .s00_axi_awlen (s00_awlen),  .s00_axi_awsize (s00_awsize),  .s00_axi_awburst (s00_awburst),  .s00_axi_awvalid (s00_awvalid),  .s00_axi_awready (s00_awready),  .s00_axi_wdata (s00_wdata),  .s00_axi_wstrb (s00_wstrb),  .s00_axi_wlast (s00_wlast),  .s00_axi_wvalid (s00_wvalid),  .s00_axi_wready (s00_wready),  .s00_axi_bid (s00_bid),  .s00_axi_bresp (s00_bresp),  .s00_axi_bvalid (s00_bvalid),  .s00_axi_bready (s00_bready),  .s00_axi_arid (s00_arid),  .s00_axi_araddr (s00_araddr),  .s00_axi_arlen (s00_arlen),  .s00_axi_arsize (s00_arsize),  .s00_axi_arburst (s00_arburst),  .s00_axi_arvalid (s00_arvalid),  .s00_axi_arready (s00_arready),  .s00_a ... "
  The following 64-bit expression is connected to 32-bit port "s01_axi_wdata" 
  of module "axi_interconnect_wrap_3x15", instance "dut".
  Expression: s01_wdata
  Instantiated module defined at: "../rtl/axi_interconnect_wrap_3x15.v", 34
  Use +lint=PCWM for more details.


Warning-[PCWM-W] Port connection width mismatch
../tb/tb_axi_interconnect_3x15.sv, 395
"axi_interconnect_wrap_3x15 dut( .clk (clk),  .rst (rst),  .s00_axi_awid (s00_awid),  .s00_axi_awaddr (s00_awaddr),  .s00_axi_awlen (s00_awlen),  .s00_axi_awsize (s00_awsize),  .s00_axi_awburst (s00_awburst),  .s00_axi_awvalid (s00_awvalid),  .s00_axi_awready (s00_awready),  .s00_axi_wdata (s00_wdata),  .s00_axi_wstrb (s00_wstrb),  .s00_axi_wlast (s00_wlast),  .s00_axi_wvalid (s00_wvalid),  .s00_axi_wready (s00_wready),  .s00_axi_bid (s00_bid),  .s00_axi_bresp (s00_bresp),  .s00_axi_bvalid (s00_bvalid),  .s00_axi_bready (s00_bready),  .s00_axi_arid (s00_arid),  .s00_axi_araddr (s00_araddr),  .s00_axi_arlen (s00_arlen),  .s00_axi_arsize (s00_arsize),  .s00_axi_arburst (s00_arburst),  .s00_axi_arvalid (s00_arvalid),  .s00_axi_arready (s00_arready),  .s00_a ... "
  The following 8-bit expression is connected to 4-bit port "s01_axi_wstrb" of
  module "axi_interconnect_wrap_3x15", instance "dut".
  Expression: s01_wstrb
  Instantiated module defined at: "../rtl/axi_interconnect_wrap_3x15.v", 34
  Use +lint=PCWM for more details.


Warning-[PCWM-W] Port connection width mismatch
../tb/tb_axi_interconnect_3x15.sv, 395
"axi_interconnect_wrap_3x15 dut( .clk (clk),  .rst (rst),  .s00_axi_awid (s00_awid),  .s00_axi_awaddr (s00_awaddr),  .s00_axi_awlen (s00_awlen),  .s00_axi_awsize (s00_awsize),  .s00_axi_awburst (s00_awburst),  .s00_axi_awvalid (s00_awvalid),  .s00_axi_awready (s00_awready),  .s00_axi_wdata (s00_wdata),  .s00_axi_wstrb (s00_wstrb),  .s00_axi_wlast (s00_wlast),  .s00_axi_wvalid (s00_wvalid),  .s00_axi_wready (s00_wready),  .s00_axi_bid (s00_bid),  .s00_axi_bresp (s00_bresp),  .s00_axi_bvalid (s00_bvalid),  .s00_axi_bready (s00_bready),  .s00_axi_arid (s00_arid),  .s00_axi_araddr (s00_araddr),  .s00_axi_arlen (s00_arlen),  .s00_axi_arsize (s00_arsize),  .s00_axi_arburst (s00_arburst),  .s00_axi_arvalid (s00_arvalid),  .s00_axi_arready (s00_arready),  .s00_a ... "
  The following 64-bit expression is connected to 32-bit port "s01_axi_rdata" 
  of module "axi_interconnect_wrap_3x15", instance "dut".
  Expression: s01_rdata
  Instantiated module defined at: "../rtl/axi_interconnect_wrap_3x15.v", 34
  Use +lint=PCWM for more details.


Warning-[PCWM-W] Port connection width mismatch
../tb/tb_axi_interconnect_3x15.sv, 395
"axi_interconnect_wrap_3x15 dut( .clk (clk),  .rst (rst),  .s00_axi_awid (s00_awid),  .s00_axi_awaddr (s00_awaddr),  .s00_axi_awlen (s00_awlen),  .s00_axi_awsize (s00_awsize),  .s00_axi_awburst (s00_awburst),  .s00_axi_awvalid (s00_awvalid),  .s00_axi_awready (s00_awready),  .s00_axi_wdata (s00_wdata),  .s00_axi_wstrb (s00_wstrb),  .s00_axi_wlast (s00_wlast),  .s00_axi_wvalid (s00_wvalid),  .s00_axi_wready (s00_wready),  .s00_axi_bid (s00_bid),  .s00_axi_bresp (s00_bresp),  .s00_axi_bvalid (s00_bvalid),  .s00_axi_bready (s00_bready),  .s00_axi_arid (s00_arid),  .s00_axi_araddr (s00_araddr),  .s00_axi_arlen (s00_arlen),  .s00_axi_arsize (s00_arsize),  .s00_axi_arburst (s00_arburst),  .s00_axi_arvalid (s00_arvalid),  .s00_axi_arready (s00_arready),  .s00_a ... "
  The following 64-bit expression is connected to 32-bit port "s02_axi_wdata" 
  of module "axi_interconnect_wrap_3x15", instance "dut".
  Expression: s02_wdata
  Instantiated module defined at: "../rtl/axi_interconnect_wrap_3x15.v", 34
  Use +lint=PCWM for more details.


Warning-[PCWM-W] Port connection width mismatch
../tb/tb_axi_interconnect_3x15.sv, 395
"axi_interconnect_wrap_3x15 dut( .clk (clk),  .rst (rst),  .s00_axi_awid (s00_awid),  .s00_axi_awaddr (s00_awaddr),  .s00_axi_awlen (s00_awlen),  .s00_axi_awsize (s00_awsize),  .s00_axi_awburst (s00_awburst),  .s00_axi_awvalid (s00_awvalid),  .s00_axi_awready (s00_awready),  .s00_axi_wdata (s00_wdata),  .s00_axi_wstrb (s00_wstrb),  .s00_axi_wlast (s00_wlast),  .s00_axi_wvalid (s00_wvalid),  .s00_axi_wready (s00_wready),  .s00_axi_bid (s00_bid),  .s00_axi_bresp (s00_bresp),  .s00_axi_bvalid (s00_bvalid),  .s00_axi_bready (s00_bready),  .s00_axi_arid (s00_arid),  .s00_axi_araddr (s00_araddr),  .s00_axi_arlen (s00_arlen),  .s00_axi_arsize (s00_arsize),  .s00_axi_arburst (s00_arburst),  .s00_axi_arvalid (s00_arvalid),  .s00_axi_arready (s00_arready),  .s00_a ... "
  The following 8-bit expression is connected to 4-bit port "s02_axi_wstrb" of
  module "axi_interconnect_wrap_3x15", instance "dut".
  Expression: s02_wstrb
  Instantiated module defined at: "../rtl/axi_interconnect_wrap_3x15.v", 34
  Use +lint=PCWM for more details.


Warning-[PCWM-W] Port connection width mismatch
../tb/tb_axi_interconnect_3x15.sv, 395
"axi_interconnect_wrap_3x15 dut( .clk (clk),  .rst (rst),  .s00_axi_awid (s00_awid),  .s00_axi_awaddr (s00_awaddr),  .s00_axi_awlen (s00_awlen),  .s00_axi_awsize (s00_awsize),  .s00_axi_awburst (s00_awburst),  .s00_axi_awvalid (s00_awvalid),  .s00_axi_awready (s00_awready),  .s00_axi_wdata (s00_wdata),  .s00_axi_wstrb (s00_wstrb),  .s00_axi_wlast (s00_wlast),  .s00_axi_wvalid (s00_wvalid),  .s00_axi_wready (s00_wready),  .s00_axi_bid (s00_bid),  .s00_axi_bresp (s00_bresp),  .s00_axi_bvalid (s00_bvalid),  .s00_axi_bready (s00_bready),  .s00_axi_arid (s00_arid),  .s00_axi_araddr (s00_araddr),  .s00_axi_arlen (s00_arlen),  .s00_axi_arsize (s00_arsize),  .s00_axi_arburst (s00_arburst),  .s00_axi_arvalid (s00_arvalid),  .s00_axi_arready (s00_arready),  .s00_a ... "
  The following 64-bit expression is connected to 32-bit port "s02_axi_rdata" 
  of module "axi_interconnect_wrap_3x15", instance "dut".
  Expression: s02_rdata
  Instantiated module defined at: "../rtl/axi_interconnect_wrap_3x15.v", 34
  Use +lint=PCWM for more details.


Warning-[PCWM-W] Port connection width mismatch
../tb/tb_axi_interconnect_3x15.sv, 395
"axi_interconnect_wrap_3x15 dut( .clk (clk),  .rst (rst),  .s00_axi_awid (s00_awid),  .s00_axi_awaddr (s00_awaddr),  .s00_axi_awlen (s00_awlen),  .s00_axi_awsize (s00_awsize),  .s00_axi_awburst (s00_awburst),  .s00_axi_awvalid (s00_awvalid),  .s00_axi_awready (s00_awready),  .s00_axi_wdata (s00_wdata),  .s00_axi_wstrb (s00_wstrb),  .s00_axi_wlast (s00_wlast),  .s00_axi_wvalid (s00_wvalid),  .s00_axi_wready (s00_wready),  .s00_axi_bid (s00_bid),  .s00_axi_bresp (s00_bresp),  .s00_axi_bvalid (s00_bvalid),  .s00_axi_bready (s00_bready),  .s00_axi_arid (s00_arid),  .s00_axi_araddr (s00_araddr),  .s00_axi_arlen (s00_arlen),  .s00_axi_arsize (s00_arsize),  .s00_axi_arburst (s00_arburst),  .s00_axi_arvalid (s00_arvalid),  .s00_axi_arready (s00_arready),  .s00_a ... "
  The following 64-bit expression is connected to 32-bit port "m00_axi_wdata" 
  of module "axi_interconnect_wrap_3x15", instance "dut".
  Expression: m_wdata[0]
  Instantiated module defined at: "../rtl/axi_interconnect_wrap_3x15.v", 34
  Use +lint=PCWM for more details.


Warning-[PCWM-W] Port connection width mismatch
../tb/tb_axi_interconnect_3x15.sv, 395
"axi_interconnect_wrap_3x15 dut( .clk (clk),  .rst (rst),  .s00_axi_awid (s00_awid),  .s00_axi_awaddr (s00_awaddr),  .s00_axi_awlen (s00_awlen),  .s00_axi_awsize (s00_awsize),  .s00_axi_awburst (s00_awburst),  .s00_axi_awvalid (s00_awvalid),  .s00_axi_awready (s00_awready),  .s00_axi_wdata (s00_wdata),  .s00_axi_wstrb (s00_wstrb),  .s00_axi_wlast (s00_wlast),  .s00_axi_wvalid (s00_wvalid),  .s00_axi_wready (s00_wready),  .s00_axi_bid (s00_bid),  .s00_axi_bresp (s00_bresp),  .s00_axi_bvalid (s00_bvalid),  .s00_axi_bready (s00_bready),  .s00_axi_arid (s00_arid),  .s00_axi_araddr (s00_araddr),  .s00_axi_arlen (s00_arlen),  .s00_axi_arsize (s00_arsize),  .s00_axi_arburst (s00_arburst),  .s00_axi_arvalid (s00_arvalid),  .s00_axi_arready (s00_arready),  .s00_a ... "
  The following 8-bit expression is connected to 4-bit port "m00_axi_wstrb" of
  module "axi_interconnect_wrap_3x15", instance "dut".
  Expression: m_wstrb[0]
  Instantiated module defined at: "../rtl/axi_interconnect_wrap_3x15.v", 34
  Use +lint=PCWM for more details.


Warning-[PCWM-W] Port connection width mismatch
../tb/tb_axi_interconnect_3x15.sv, 395
"axi_interconnect_wrap_3x15 dut( .clk (clk),  .rst (rst),  .s00_axi_awid (s00_awid),  .s00_axi_awaddr (s00_awaddr),  .s00_axi_awlen (s00_awlen),  .s00_axi_awsize (s00_awsize),  .s00_axi_awburst (s00_awburst),  .s00_axi_awvalid (s00_awvalid),  .s00_axi_awready (s00_awready),  .s00_axi_wdata (s00_wdata),  .s00_axi_wstrb (s00_wstrb),  .s00_axi_wlast (s00_wlast),  .s00_axi_wvalid (s00_wvalid),  .s00_axi_wready (s00_wready),  .s00_axi_bid (s00_bid),  .s00_axi_bresp (s00_bresp),  .s00_axi_bvalid (s00_bvalid),  .s00_axi_bready (s00_bready),  .s00_axi_arid (s00_arid),  .s00_axi_araddr (s00_araddr),  .s00_axi_arlen (s00_arlen),  .s00_axi_arsize (s00_arsize),  .s00_axi_arburst (s00_arburst),  .s00_axi_arvalid (s00_arvalid),  .s00_axi_arready (s00_arready),  .s00_a ... "
  The following 64-bit expression is connected to 32-bit port "m00_axi_rdata" 
  of module "axi_interconnect_wrap_3x15", instance "dut".
  Expression: m_rdata[0]
  Instantiated module defined at: "../rtl/axi_interconnect_wrap_3x15.v", 34
  Use +lint=PCWM for more details.


Warning-[PCWM-W] Port connection width mismatch
../tb/tb_axi_interconnect_3x15.sv, 395
"axi_interconnect_wrap_3x15 dut( .clk (clk),  .rst (rst),  .s00_axi_awid (s00_awid),  .s00_axi_awaddr (s00_awaddr),  .s00_axi_awlen (s00_awlen),  .s00_axi_awsize (s00_awsize),  .s00_axi_awburst (s00_awburst),  .s00_axi_awvalid (s00_awvalid),  .s00_axi_awready (s00_awready),  .s00_axi_wdata (s00_wdata),  .s00_axi_wstrb (s00_wstrb),  .s00_axi_wlast (s00_wlast),  .s00_axi_wvalid (s00_wvalid),  .s00_axi_wready (s00_wready),  .s00_axi_bid (s00_bid),  .s00_axi_bresp (s00_bresp),  .s00_axi_bvalid (s00_bvalid),  .s00_axi_bready (s00_bready),  .s00_axi_arid (s00_arid),  .s00_axi_araddr (s00_araddr),  .s00_axi_arlen (s00_arlen),  .s00_axi_arsize (s00_arsize),  .s00_axi_arburst (s00_arburst),  .s00_axi_arvalid (s00_arvalid),  .s00_axi_arready (s00_arready),  .s00_a ... "
  The following 64-bit expression is connected to 32-bit port "m01_axi_wdata" 
  of module "axi_interconnect_wrap_3x15", instance "dut".
  Expression: m_wdata[1]
  Instantiated module defined at: "../rtl/axi_interconnect_wrap_3x15.v", 34
  Use +lint=PCWM for more details.


Warning-[PCWM-W] Port connection width mismatch
../tb/tb_axi_interconnect_3x15.sv, 395
"axi_interconnect_wrap_3x15 dut( .clk (clk),  .rst (rst),  .s00_axi_awid (s00_awid),  .s00_axi_awaddr (s00_awaddr),  .s00_axi_awlen (s00_awlen),  .s00_axi_awsize (s00_awsize),  .s00_axi_awburst (s00_awburst),  .s00_axi_awvalid (s00_awvalid),  .s00_axi_awready (s00_awready),  .s00_axi_wdata (s00_wdata),  .s00_axi_wstrb (s00_wstrb),  .s00_axi_wlast (s00_wlast),  .s00_axi_wvalid (s00_wvalid),  .s00_axi_wready (s00_wready),  .s00_axi_bid (s00_bid),  .s00_axi_bresp (s00_bresp),  .s00_axi_bvalid (s00_bvalid),  .s00_axi_bready (s00_bready),  .s00_axi_arid (s00_arid),  .s00_axi_araddr (s00_araddr),  .s00_axi_arlen (s00_arlen),  .s00_axi_arsize (s00_arsize),  .s00_axi_arburst (s00_arburst),  .s00_axi_arvalid (s00_arvalid),  .s00_axi_arready (s00_arready),  .s00_a ... "
  The following 8-bit expression is connected to 4-bit port "m01_axi_wstrb" of
  module "axi_interconnect_wrap_3x15", instance "dut".
  Expression: m_wstrb[1]
  Instantiated module defined at: "../rtl/axi_interconnect_wrap_3x15.v", 34
  Use +lint=PCWM for more details.


Warning-[PCWM-W] Port connection width mismatch
../tb/tb_axi_interconnect_3x15.sv, 395
"axi_interconnect_wrap_3x15 dut( .clk (clk),  .rst (rst),  .s00_axi_awid (s00_awid),  .s00_axi_awaddr (s00_awaddr),  .s00_axi_awlen (s00_awlen),  .s00_axi_awsize (s00_awsize),  .s00_axi_awburst (s00_awburst),  .s00_axi_awvalid (s00_awvalid),  .s00_axi_awready (s00_awready),  .s00_axi_wdata (s00_wdata),  .s00_axi_wstrb (s00_wstrb),  .s00_axi_wlast (s00_wlast),  .s00_axi_wvalid (s00_wvalid),  .s00_axi_wready (s00_wready),  .s00_axi_bid (s00_bid),  .s00_axi_bresp (s00_bresp),  .s00_axi_bvalid (s00_bvalid),  .s00_axi_bready (s00_bready),  .s00_axi_arid (s00_arid),  .s00_axi_araddr (s00_araddr),  .s00_axi_arlen (s00_arlen),  .s00_axi_arsize (s00_arsize),  .s00_axi_arburst (s00_arburst),  .s00_axi_arvalid (s00_arvalid),  .s00_axi_arready (s00_arready),  .s00_a ... "
  The following 64-bit expression is connected to 32-bit port "m01_axi_rdata" 
  of module "axi_interconnect_wrap_3x15", instance "dut".
  Expression: m_rdata[1]
  Instantiated module defined at: "../rtl/axi_interconnect_wrap_3x15.v", 34
  Use +lint=PCWM for more details.


Warning-[PCWM-W] Port connection width mismatch
../tb/tb_axi_interconnect_3x15.sv, 395
"axi_interconnect_wrap_3x15 dut( .clk (clk),  .rst (rst),  .s00_axi_awid (s00_awid),  .s00_axi_awaddr (s00_awaddr),  .s00_axi_awlen (s00_awlen),  .s00_axi_awsize (s00_awsize),  .s00_axi_awburst (s00_awburst),  .s00_axi_awvalid (s00_awvalid),  .s00_axi_awready (s00_awready),  .s00_axi_wdata (s00_wdata),  .s00_axi_wstrb (s00_wstrb),  .s00_axi_wlast (s00_wlast),  .s00_axi_wvalid (s00_wvalid),  .s00_axi_wready (s00_wready),  .s00_axi_bid (s00_bid),  .s00_axi_bresp (s00_bresp),  .s00_axi_bvalid (s00_bvalid),  .s00_axi_bready (s00_bready),  .s00_axi_arid (s00_arid),  .s00_axi_araddr (s00_araddr),  .s00_axi_arlen (s00_arlen),  .s00_axi_arsize (s00_arsize),  .s00_axi_arburst (s00_arburst),  .s00_axi_arvalid (s00_arvalid),  .s00_axi_arready (s00_arready),  .s00_a ... "
  The following 64-bit expression is connected to 32-bit port "m02_axi_wdata" 
  of module "axi_interconnect_wrap_3x15", instance "dut".
  Expression: m_wdata[2]
  Instantiated module defined at: "../rtl/axi_interconnect_wrap_3x15.v", 34
  Use +lint=PCWM for more details.


Warning-[PCWM-W] Port connection width mismatch
../tb/tb_axi_interconnect_3x15.sv, 395
"axi_interconnect_wrap_3x15 dut( .clk (clk),  .rst (rst),  .s00_axi_awid (s00_awid),  .s00_axi_awaddr (s00_awaddr),  .s00_axi_awlen (s00_awlen),  .s00_axi_awsize (s00_awsize),  .s00_axi_awburst (s00_awburst),  .s00_axi_awvalid (s00_awvalid),  .s00_axi_awready (s00_awready),  .s00_axi_wdata (s00_wdata),  .s00_axi_wstrb (s00_wstrb),  .s00_axi_wlast (s00_wlast),  .s00_axi_wvalid (s00_wvalid),  .s00_axi_wready (s00_wready),  .s00_axi_bid (s00_bid),  .s00_axi_bresp (s00_bresp),  .s00_axi_bvalid (s00_bvalid),  .s00_axi_bready (s00_bready),  .s00_axi_arid (s00_arid),  .s00_axi_araddr (s00_araddr),  .s00_axi_arlen (s00_arlen),  .s00_axi_arsize (s00_arsize),  .s00_axi_arburst (s00_arburst),  .s00_axi_arvalid (s00_arvalid),  .s00_axi_arready (s00_arready),  .s00_a ... "
  The following 8-bit expression is connected to 4-bit port "m02_axi_wstrb" of
  module "axi_interconnect_wrap_3x15", instance "dut".
  Expression: m_wstrb[2]
  Instantiated module defined at: "../rtl/axi_interconnect_wrap_3x15.v", 34
  Use +lint=PCWM for more details.


Warning-[PCWM-W] Port connection width mismatch
../tb/tb_axi_interconnect_3x15.sv, 395
"axi_interconnect_wrap_3x15 dut( .clk (clk),  .rst (rst),  .s00_axi_awid (s00_awid),  .s00_axi_awaddr (s00_awaddr),  .s00_axi_awlen (s00_awlen),  .s00_axi_awsize (s00_awsize),  .s00_axi_awburst (s00_awburst),  .s00_axi_awvalid (s00_awvalid),  .s00_axi_awready (s00_awready),  .s00_axi_wdata (s00_wdata),  .s00_axi_wstrb (s00_wstrb),  .s00_axi_wlast (s00_wlast),  .s00_axi_wvalid (s00_wvalid),  .s00_axi_wready (s00_wready),  .s00_axi_bid (s00_bid),  .s00_axi_bresp (s00_bresp),  .s00_axi_bvalid (s00_bvalid),  .s00_axi_bready (s00_bready),  .s00_axi_arid (s00_arid),  .s00_axi_araddr (s00_araddr),  .s00_axi_arlen (s00_arlen),  .s00_axi_arsize (s00_arsize),  .s00_axi_arburst (s00_arburst),  .s00_axi_arvalid (s00_arvalid),  .s00_axi_arready (s00_arready),  .s00_a ... "
  The following 64-bit expression is connected to 32-bit port "m02_axi_rdata" 
  of module "axi_interconnect_wrap_3x15", instance "dut".
  Expression: m_rdata[2]
  Instantiated module defined at: "../rtl/axi_interconnect_wrap_3x15.v", 34
  Use +lint=PCWM for more details.


Warning-[PCWM-W] Port connection width mismatch
../tb/tb_axi_interconnect_3x15.sv, 395
"axi_interconnect_wrap_3x15 dut( .clk (clk),  .rst (rst),  .s00_axi_awid (s00_awid),  .s00_axi_awaddr (s00_awaddr),  .s00_axi_awlen (s00_awlen),  .s00_axi_awsize (s00_awsize),  .s00_axi_awburst (s00_awburst),  .s00_axi_awvalid (s00_awvalid),  .s00_axi_awready (s00_awready),  .s00_axi_wdata (s00_wdata),  .s00_axi_wstrb (s00_wstrb),  .s00_axi_wlast (s00_wlast),  .s00_axi_wvalid (s00_wvalid),  .s00_axi_wready (s00_wready),  .s00_axi_bid (s00_bid),  .s00_axi_bresp (s00_bresp),  .s00_axi_bvalid (s00_bvalid),  .s00_axi_bready (s00_bready),  .s00_axi_arid (s00_arid),  .s00_axi_araddr (s00_araddr),  .s00_axi_arlen (s00_arlen),  .s00_axi_arsize (s00_arsize),  .s00_axi_arburst (s00_arburst),  .s00_axi_arvalid (s00_arvalid),  .s00_axi_arready (s00_arready),  .s00_a ... "
  The following 64-bit expression is connected to 32-bit port "m03_axi_wdata" 
  of module "axi_interconnect_wrap_3x15", instance "dut".
  Expression: m_wdata[3]
  Instantiated module defined at: "../rtl/axi_interconnect_wrap_3x15.v", 34
  Use +lint=PCWM for more details.


Warning-[PCWM-W] Port connection width mismatch
../tb/tb_axi_interconnect_3x15.sv, 395
"axi_interconnect_wrap_3x15 dut( .clk (clk),  .rst (rst),  .s00_axi_awid (s00_awid),  .s00_axi_awaddr (s00_awaddr),  .s00_axi_awlen (s00_awlen),  .s00_axi_awsize (s00_awsize),  .s00_axi_awburst (s00_awburst),  .s00_axi_awvalid (s00_awvalid),  .s00_axi_awready (s00_awready),  .s00_axi_wdata (s00_wdata),  .s00_axi_wstrb (s00_wstrb),  .s00_axi_wlast (s00_wlast),  .s00_axi_wvalid (s00_wvalid),  .s00_axi_wready (s00_wready),  .s00_axi_bid (s00_bid),  .s00_axi_bresp (s00_bresp),  .s00_axi_bvalid (s00_bvalid),  .s00_axi_bready (s00_bready),  .s00_axi_arid (s00_arid),  .s00_axi_araddr (s00_araddr),  .s00_axi_arlen (s00_arlen),  .s00_axi_arsize (s00_arsize),  .s00_axi_arburst (s00_arburst),  .s00_axi_arvalid (s00_arvalid),  .s00_axi_arready (s00_arready),  .s00_a ... "
  The following 8-bit expression is connected to 4-bit port "m03_axi_wstrb" of
  module "axi_interconnect_wrap_3x15", instance "dut".
  Expression: m_wstrb[3]
  Instantiated module defined at: "../rtl/axi_interconnect_wrap_3x15.v", 34
  Use +lint=PCWM for more details.


Warning-[PCWM-W] Port connection width mismatch
../tb/tb_axi_interconnect_3x15.sv, 395
"axi_interconnect_wrap_3x15 dut( .clk (clk),  .rst (rst),  .s00_axi_awid (s00_awid),  .s00_axi_awaddr (s00_awaddr),  .s00_axi_awlen (s00_awlen),  .s00_axi_awsize (s00_awsize),  .s00_axi_awburst (s00_awburst),  .s00_axi_awvalid (s00_awvalid),  .s00_axi_awready (s00_awready),  .s00_axi_wdata (s00_wdata),  .s00_axi_wstrb (s00_wstrb),  .s00_axi_wlast (s00_wlast),  .s00_axi_wvalid (s00_wvalid),  .s00_axi_wready (s00_wready),  .s00_axi_bid (s00_bid),  .s00_axi_bresp (s00_bresp),  .s00_axi_bvalid (s00_bvalid),  .s00_axi_bready (s00_bready),  .s00_axi_arid (s00_arid),  .s00_axi_araddr (s00_araddr),  .s00_axi_arlen (s00_arlen),  .s00_axi_arsize (s00_arsize),  .s00_axi_arburst (s00_arburst),  .s00_axi_arvalid (s00_arvalid),  .s00_axi_arready (s00_arready),  .s00_a ... "
  The following 64-bit expression is connected to 32-bit port "m03_axi_rdata" 
  of module "axi_interconnect_wrap_3x15", instance "dut".
  Expression: m_rdata[3]
  Instantiated module defined at: "../rtl/axi_interconnect_wrap_3x15.v", 34
  Use +lint=PCWM for more details.


Warning-[PCWM-W] Port connection width mismatch
../tb/tb_axi_interconnect_3x15.sv, 395
"axi_interconnect_wrap_3x15 dut( .clk (clk),  .rst (rst),  .s00_axi_awid (s00_awid),  .s00_axi_awaddr (s00_awaddr),  .s00_axi_awlen (s00_awlen),  .s00_axi_awsize (s00_awsize),  .s00_axi_awburst (s00_awburst),  .s00_axi_awvalid (s00_awvalid),  .s00_axi_awready (s00_awready),  .s00_axi_wdata (s00_wdata),  .s00_axi_wstrb (s00_wstrb),  .s00_axi_wlast (s00_wlast),  .s00_axi_wvalid (s00_wvalid),  .s00_axi_wready (s00_wready),  .s00_axi_bid (s00_bid),  .s00_axi_bresp (s00_bresp),  .s00_axi_bvalid (s00_bvalid),  .s00_axi_bready (s00_bready),  .s00_axi_arid (s00_arid),  .s00_axi_araddr (s00_araddr),  .s00_axi_arlen (s00_arlen),  .s00_axi_arsize (s00_arsize),  .s00_axi_arburst (s00_arburst),  .s00_axi_arvalid (s00_arvalid),  .s00_axi_arready (s00_arready),  .s00_a ... "
  The following 64-bit expression is connected to 32-bit port "m04_axi_wdata" 
  of module "axi_interconnect_wrap_3x15", instance "dut".
  Expression: m_wdata[4]
  Instantiated module defined at: "../rtl/axi_interconnect_wrap_3x15.v", 34
  Use +lint=PCWM for more details.


Warning-[PCWM-W] Port connection width mismatch
../tb/tb_axi_interconnect_3x15.sv, 395
"axi_interconnect_wrap_3x15 dut( .clk (clk),  .rst (rst),  .s00_axi_awid (s00_awid),  .s00_axi_awaddr (s00_awaddr),  .s00_axi_awlen (s00_awlen),  .s00_axi_awsize (s00_awsize),  .s00_axi_awburst (s00_awburst),  .s00_axi_awvalid (s00_awvalid),  .s00_axi_awready (s00_awready),  .s00_axi_wdata (s00_wdata),  .s00_axi_wstrb (s00_wstrb),  .s00_axi_wlast (s00_wlast),  .s00_axi_wvalid (s00_wvalid),  .s00_axi_wready (s00_wready),  .s00_axi_bid (s00_bid),  .s00_axi_bresp (s00_bresp),  .s00_axi_bvalid (s00_bvalid),  .s00_axi_bready (s00_bready),  .s00_axi_arid (s00_arid),  .s00_axi_araddr (s00_araddr),  .s00_axi_arlen (s00_arlen),  .s00_axi_arsize (s00_arsize),  .s00_axi_arburst (s00_arburst),  .s00_axi_arvalid (s00_arvalid),  .s00_axi_arready (s00_arready),  .s00_a ... "
  The following 8-bit expression is connected to 4-bit port "m04_axi_wstrb" of
  module "axi_interconnect_wrap_3x15", instance "dut".
  Expression: m_wstrb[4]
  Instantiated module defined at: "../rtl/axi_interconnect_wrap_3x15.v", 34
  Use +lint=PCWM for more details.


Warning-[PCWM-W] Port connection width mismatch
../tb/tb_axi_interconnect_3x15.sv, 395
"axi_interconnect_wrap_3x15 dut( .clk (clk),  .rst (rst),  .s00_axi_awid (s00_awid),  .s00_axi_awaddr (s00_awaddr),  .s00_axi_awlen (s00_awlen),  .s00_axi_awsize (s00_awsize),  .s00_axi_awburst (s00_awburst),  .s00_axi_awvalid (s00_awvalid),  .s00_axi_awready (s00_awready),  .s00_axi_wdata (s00_wdata),  .s00_axi_wstrb (s00_wstrb),  .s00_axi_wlast (s00_wlast),  .s00_axi_wvalid (s00_wvalid),  .s00_axi_wready (s00_wready),  .s00_axi_bid (s00_bid),  .s00_axi_bresp (s00_bresp),  .s00_axi_bvalid (s00_bvalid),  .s00_axi_bready (s00_bready),  .s00_axi_arid (s00_arid),  .s00_axi_araddr (s00_araddr),  .s00_axi_arlen (s00_arlen),  .s00_axi_arsize (s00_arsize),  .s00_axi_arburst (s00_arburst),  .s00_axi_arvalid (s00_arvalid),  .s00_axi_arready (s00_arready),  .s00_a ... "
  The following 64-bit expression is connected to 32-bit port "m04_axi_rdata" 
  of module "axi_interconnect_wrap_3x15", instance "dut".
  Expression: m_rdata[4]
  Instantiated module defined at: "../rtl/axi_interconnect_wrap_3x15.v", 34
  Use +lint=PCWM for more details.


Warning-[PCWM-W] Port connection width mismatch
../tb/tb_axi_interconnect_3x15.sv, 395
"axi_interconnect_wrap_3x15 dut( .clk (clk),  .rst (rst),  .s00_axi_awid (s00_awid),  .s00_axi_awaddr (s00_awaddr),  .s00_axi_awlen (s00_awlen),  .s00_axi_awsize (s00_awsize),  .s00_axi_awburst (s00_awburst),  .s00_axi_awvalid (s00_awvalid),  .s00_axi_awready (s00_awready),  .s00_axi_wdata (s00_wdata),  .s00_axi_wstrb (s00_wstrb),  .s00_axi_wlast (s00_wlast),  .s00_axi_wvalid (s00_wvalid),  .s00_axi_wready (s00_wready),  .s00_axi_bid (s00_bid),  .s00_axi_bresp (s00_bresp),  .s00_axi_bvalid (s00_bvalid),  .s00_axi_bready (s00_bready),  .s00_axi_arid (s00_arid),  .s00_axi_araddr (s00_araddr),  .s00_axi_arlen (s00_arlen),  .s00_axi_arsize (s00_arsize),  .s00_axi_arburst (s00_arburst),  .s00_axi_arvalid (s00_arvalid),  .s00_axi_arready (s00_arready),  .s00_a ... "
  The following 64-bit expression is connected to 32-bit port "m05_axi_wdata" 
  of module "axi_interconnect_wrap_3x15", instance "dut".
  Expression: m_wdata[5]
  Instantiated module defined at: "../rtl/axi_interconnect_wrap_3x15.v", 34
  Use +lint=PCWM for more details.


Warning-[PCWM-W] Port connection width mismatch
../tb/tb_axi_interconnect_3x15.sv, 395
"axi_interconnect_wrap_3x15 dut( .clk (clk),  .rst (rst),  .s00_axi_awid (s00_awid),  .s00_axi_awaddr (s00_awaddr),  .s00_axi_awlen (s00_awlen),  .s00_axi_awsize (s00_awsize),  .s00_axi_awburst (s00_awburst),  .s00_axi_awvalid (s00_awvalid),  .s00_axi_awready (s00_awready),  .s00_axi_wdata (s00_wdata),  .s00_axi_wstrb (s00_wstrb),  .s00_axi_wlast (s00_wlast),  .s00_axi_wvalid (s00_wvalid),  .s00_axi_wready (s00_wready),  .s00_axi_bid (s00_bid),  .s00_axi_bresp (s00_bresp),  .s00_axi_bvalid (s00_bvalid),  .s00_axi_bready (s00_bready),  .s00_axi_arid (s00_arid),  .s00_axi_araddr (s00_araddr),  .s00_axi_arlen (s00_arlen),  .s00_axi_arsize (s00_arsize),  .s00_axi_arburst (s00_arburst),  .s00_axi_arvalid (s00_arvalid),  .s00_axi_arready (s00_arready),  .s00_a ... "
  The following 8-bit expression is connected to 4-bit port "m05_axi_wstrb" of
  module "axi_interconnect_wrap_3x15", instance "dut".
  Expression: m_wstrb[5]
  Instantiated module defined at: "../rtl/axi_interconnect_wrap_3x15.v", 34
  Use +lint=PCWM for more details.


Warning-[PCWM-W] Port connection width mismatch
../tb/tb_axi_interconnect_3x15.sv, 395
"axi_interconnect_wrap_3x15 dut( .clk (clk),  .rst (rst),  .s00_axi_awid (s00_awid),  .s00_axi_awaddr (s00_awaddr),  .s00_axi_awlen (s00_awlen),  .s00_axi_awsize (s00_awsize),  .s00_axi_awburst (s00_awburst),  .s00_axi_awvalid (s00_awvalid),  .s00_axi_awready (s00_awready),  .s00_axi_wdata (s00_wdata),  .s00_axi_wstrb (s00_wstrb),  .s00_axi_wlast (s00_wlast),  .s00_axi_wvalid (s00_wvalid),  .s00_axi_wready (s00_wready),  .s00_axi_bid (s00_bid),  .s00_axi_bresp (s00_bresp),  .s00_axi_bvalid (s00_bvalid),  .s00_axi_bready (s00_bready),  .s00_axi_arid (s00_arid),  .s00_axi_araddr (s00_araddr),  .s00_axi_arlen (s00_arlen),  .s00_axi_arsize (s00_arsize),  .s00_axi_arburst (s00_arburst),  .s00_axi_arvalid (s00_arvalid),  .s00_axi_arready (s00_arready),  .s00_a ... "
  The following 64-bit expression is connected to 32-bit port "m05_axi_rdata" 
  of module "axi_interconnect_wrap_3x15", instance "dut".
  Expression: m_rdata[5]
  Instantiated module defined at: "../rtl/axi_interconnect_wrap_3x15.v", 34
  Use +lint=PCWM for more details.


Warning-[PCWM-W] Port connection width mismatch
../tb/tb_axi_interconnect_3x15.sv, 395
"axi_interconnect_wrap_3x15 dut( .clk (clk),  .rst (rst),  .s00_axi_awid (s00_awid),  .s00_axi_awaddr (s00_awaddr),  .s00_axi_awlen (s00_awlen),  .s00_axi_awsize (s00_awsize),  .s00_axi_awburst (s00_awburst),  .s00_axi_awvalid (s00_awvalid),  .s00_axi_awready (s00_awready),  .s00_axi_wdata (s00_wdata),  .s00_axi_wstrb (s00_wstrb),  .s00_axi_wlast (s00_wlast),  .s00_axi_wvalid (s00_wvalid),  .s00_axi_wready (s00_wready),  .s00_axi_bid (s00_bid),  .s00_axi_bresp (s00_bresp),  .s00_axi_bvalid (s00_bvalid),  .s00_axi_bready (s00_bready),  .s00_axi_arid (s00_arid),  .s00_axi_araddr (s00_araddr),  .s00_axi_arlen (s00_arlen),  .s00_axi_arsize (s00_arsize),  .s00_axi_arburst (s00_arburst),  .s00_axi_arvalid (s00_arvalid),  .s00_axi_arready (s00_arready),  .s00_a ... "
  The following 64-bit expression is connected to 32-bit port "m06_axi_wdata" 
  of module "axi_interconnect_wrap_3x15", instance "dut".
  Expression: m_wdata[6]
  Instantiated module defined at: "../rtl/axi_interconnect_wrap_3x15.v", 34
  Use +lint=PCWM for more details.


Warning-[PCWM-W] Port connection width mismatch
../tb/tb_axi_interconnect_3x15.sv, 395
"axi_interconnect_wrap_3x15 dut( .clk (clk),  .rst (rst),  .s00_axi_awid (s00_awid),  .s00_axi_awaddr (s00_awaddr),  .s00_axi_awlen (s00_awlen),  .s00_axi_awsize (s00_awsize),  .s00_axi_awburst (s00_awburst),  .s00_axi_awvalid (s00_awvalid),  .s00_axi_awready (s00_awready),  .s00_axi_wdata (s00_wdata),  .s00_axi_wstrb (s00_wstrb),  .s00_axi_wlast (s00_wlast),  .s00_axi_wvalid (s00_wvalid),  .s00_axi_wready (s00_wready),  .s00_axi_bid (s00_bid),  .s00_axi_bresp (s00_bresp),  .s00_axi_bvalid (s00_bvalid),  .s00_axi_bready (s00_bready),  .s00_axi_arid (s00_arid),  .s00_axi_araddr (s00_araddr),  .s00_axi_arlen (s00_arlen),  .s00_axi_arsize (s00_arsize),  .s00_axi_arburst (s00_arburst),  .s00_axi_arvalid (s00_arvalid),  .s00_axi_arready (s00_arready),  .s00_a ... "
  The following 8-bit expression is connected to 4-bit port "m06_axi_wstrb" of
  module "axi_interconnect_wrap_3x15", instance "dut".
  Expression: m_wstrb[6]
  Instantiated module defined at: "../rtl/axi_interconnect_wrap_3x15.v", 34
  Use +lint=PCWM for more details.


Warning-[PCWM-W] Port connection width mismatch
../tb/tb_axi_interconnect_3x15.sv, 395
"axi_interconnect_wrap_3x15 dut( .clk (clk),  .rst (rst),  .s00_axi_awid (s00_awid),  .s00_axi_awaddr (s00_awaddr),  .s00_axi_awlen (s00_awlen),  .s00_axi_awsize (s00_awsize),  .s00_axi_awburst (s00_awburst),  .s00_axi_awvalid (s00_awvalid),  .s00_axi_awready (s00_awready),  .s00_axi_wdata (s00_wdata),  .s00_axi_wstrb (s00_wstrb),  .s00_axi_wlast (s00_wlast),  .s00_axi_wvalid (s00_wvalid),  .s00_axi_wready (s00_wready),  .s00_axi_bid (s00_bid),  .s00_axi_bresp (s00_bresp),  .s00_axi_bvalid (s00_bvalid),  .s00_axi_bready (s00_bready),  .s00_axi_arid (s00_arid),  .s00_axi_araddr (s00_araddr),  .s00_axi_arlen (s00_arlen),  .s00_axi_arsize (s00_arsize),  .s00_axi_arburst (s00_arburst),  .s00_axi_arvalid (s00_arvalid),  .s00_axi_arready (s00_arready),  .s00_a ... "
  The following 64-bit expression is connected to 32-bit port "m06_axi_rdata" 
  of module "axi_interconnect_wrap_3x15", instance "dut".
  Expression: m_rdata[6]
  Instantiated module defined at: "../rtl/axi_interconnect_wrap_3x15.v", 34
  Use +lint=PCWM for more details.


Warning-[PCWM-W] Port connection width mismatch
../tb/tb_axi_interconnect_3x15.sv, 395
"axi_interconnect_wrap_3x15 dut( .clk (clk),  .rst (rst),  .s00_axi_awid (s00_awid),  .s00_axi_awaddr (s00_awaddr),  .s00_axi_awlen (s00_awlen),  .s00_axi_awsize (s00_awsize),  .s00_axi_awburst (s00_awburst),  .s00_axi_awvalid (s00_awvalid),  .s00_axi_awready (s00_awready),  .s00_axi_wdata (s00_wdata),  .s00_axi_wstrb (s00_wstrb),  .s00_axi_wlast (s00_wlast),  .s00_axi_wvalid (s00_wvalid),  .s00_axi_wready (s00_wready),  .s00_axi_bid (s00_bid),  .s00_axi_bresp (s00_bresp),  .s00_axi_bvalid (s00_bvalid),  .s00_axi_bready (s00_bready),  .s00_axi_arid (s00_arid),  .s00_axi_araddr (s00_araddr),  .s00_axi_arlen (s00_arlen),  .s00_axi_arsize (s00_arsize),  .s00_axi_arburst (s00_arburst),  .s00_axi_arvalid (s00_arvalid),  .s00_axi_arready (s00_arready),  .s00_a ... "
  The following 64-bit expression is connected to 32-bit port "m07_axi_wdata" 
  of module "axi_interconnect_wrap_3x15", instance "dut".
  Expression: m_wdata[7]
  Instantiated module defined at: "../rtl/axi_interconnect_wrap_3x15.v", 34
  Use +lint=PCWM for more details.


Warning-[PCWM-W] Port connection width mismatch
../tb/tb_axi_interconnect_3x15.sv, 395
"axi_interconnect_wrap_3x15 dut( .clk (clk),  .rst (rst),  .s00_axi_awid (s00_awid),  .s00_axi_awaddr (s00_awaddr),  .s00_axi_awlen (s00_awlen),  .s00_axi_awsize (s00_awsize),  .s00_axi_awburst (s00_awburst),  .s00_axi_awvalid (s00_awvalid),  .s00_axi_awready (s00_awready),  .s00_axi_wdata (s00_wdata),  .s00_axi_wstrb (s00_wstrb),  .s00_axi_wlast (s00_wlast),  .s00_axi_wvalid (s00_wvalid),  .s00_axi_wready (s00_wready),  .s00_axi_bid (s00_bid),  .s00_axi_bresp (s00_bresp),  .s00_axi_bvalid (s00_bvalid),  .s00_axi_bready (s00_bready),  .s00_axi_arid (s00_arid),  .s00_axi_araddr (s00_araddr),  .s00_axi_arlen (s00_arlen),  .s00_axi_arsize (s00_arsize),  .s00_axi_arburst (s00_arburst),  .s00_axi_arvalid (s00_arvalid),  .s00_axi_arready (s00_arready),  .s00_a ... "
  The following 8-bit expression is connected to 4-bit port "m07_axi_wstrb" of
  module "axi_interconnect_wrap_3x15", instance "dut".
  Expression: m_wstrb[7]
  Instantiated module defined at: "../rtl/axi_interconnect_wrap_3x15.v", 34
  Use +lint=PCWM for more details.


Warning-[PCWM-W] Port connection width mismatch
../tb/tb_axi_interconnect_3x15.sv, 395
"axi_interconnect_wrap_3x15 dut( .clk (clk),  .rst (rst),  .s00_axi_awid (s00_awid),  .s00_axi_awaddr (s00_awaddr),  .s00_axi_awlen (s00_awlen),  .s00_axi_awsize (s00_awsize),  .s00_axi_awburst (s00_awburst),  .s00_axi_awvalid (s00_awvalid),  .s00_axi_awready (s00_awready),  .s00_axi_wdata (s00_wdata),  .s00_axi_wstrb (s00_wstrb),  .s00_axi_wlast (s00_wlast),  .s00_axi_wvalid (s00_wvalid),  .s00_axi_wready (s00_wready),  .s00_axi_bid (s00_bid),  .s00_axi_bresp (s00_bresp),  .s00_axi_bvalid (s00_bvalid),  .s00_axi_bready (s00_bready),  .s00_axi_arid (s00_arid),  .s00_axi_araddr (s00_araddr),  .s00_axi_arlen (s00_arlen),  .s00_axi_arsize (s00_arsize),  .s00_axi_arburst (s00_arburst),  .s00_axi_arvalid (s00_arvalid),  .s00_axi_arready (s00_arready),  .s00_a ... "
  The following 64-bit expression is connected to 32-bit port "m07_axi_rdata" 
  of module "axi_interconnect_wrap_3x15", instance "dut".
  Expression: m_rdata[7]
  Instantiated module defined at: "../rtl/axi_interconnect_wrap_3x15.v", 34
  Use +lint=PCWM for more details.


Warning-[PCWM-W] Port connection width mismatch
../tb/tb_axi_interconnect_3x15.sv, 395
"axi_interconnect_wrap_3x15 dut( .clk (clk),  .rst (rst),  .s00_axi_awid (s00_awid),  .s00_axi_awaddr (s00_awaddr),  .s00_axi_awlen (s00_awlen),  .s00_axi_awsize (s00_awsize),  .s00_axi_awburst (s00_awburst),  .s00_axi_awvalid (s00_awvalid),  .s00_axi_awready (s00_awready),  .s00_axi_wdata (s00_wdata),  .s00_axi_wstrb (s00_wstrb),  .s00_axi_wlast (s00_wlast),  .s00_axi_wvalid (s00_wvalid),  .s00_axi_wready (s00_wready),  .s00_axi_bid (s00_bid),  .s00_axi_bresp (s00_bresp),  .s00_axi_bvalid (s00_bvalid),  .s00_axi_bready (s00_bready),  .s00_axi_arid (s00_arid),  .s00_axi_araddr (s00_araddr),  .s00_axi_arlen (s00_arlen),  .s00_axi_arsize (s00_arsize),  .s00_axi_arburst (s00_arburst),  .s00_axi_arvalid (s00_arvalid),  .s00_axi_arready (s00_arready),  .s00_a ... "
  The following 64-bit expression is connected to 32-bit port "m08_axi_wdata" 
  of module "axi_interconnect_wrap_3x15", instance "dut".
  Expression: m_wdata[8]
  Instantiated module defined at: "../rtl/axi_interconnect_wrap_3x15.v", 34
  Use +lint=PCWM for more details.


Warning-[PCWM-W] Port connection width mismatch
../tb/tb_axi_interconnect_3x15.sv, 395
"axi_interconnect_wrap_3x15 dut( .clk (clk),  .rst (rst),  .s00_axi_awid (s00_awid),  .s00_axi_awaddr (s00_awaddr),  .s00_axi_awlen (s00_awlen),  .s00_axi_awsize (s00_awsize),  .s00_axi_awburst (s00_awburst),  .s00_axi_awvalid (s00_awvalid),  .s00_axi_awready (s00_awready),  .s00_axi_wdata (s00_wdata),  .s00_axi_wstrb (s00_wstrb),  .s00_axi_wlast (s00_wlast),  .s00_axi_wvalid (s00_wvalid),  .s00_axi_wready (s00_wready),  .s00_axi_bid (s00_bid),  .s00_axi_bresp (s00_bresp),  .s00_axi_bvalid (s00_bvalid),  .s00_axi_bready (s00_bready),  .s00_axi_arid (s00_arid),  .s00_axi_araddr (s00_araddr),  .s00_axi_arlen (s00_arlen),  .s00_axi_arsize (s00_arsize),  .s00_axi_arburst (s00_arburst),  .s00_axi_arvalid (s00_arvalid),  .s00_axi_arready (s00_arready),  .s00_a ... "
  The following 8-bit expression is connected to 4-bit port "m08_axi_wstrb" of
  module "axi_interconnect_wrap_3x15", instance "dut".
  Expression: m_wstrb[8]
  Instantiated module defined at: "../rtl/axi_interconnect_wrap_3x15.v", 34
  Use +lint=PCWM for more details.


Warning-[PCWM-W] Port connection width mismatch
../tb/tb_axi_interconnect_3x15.sv, 395
"axi_interconnect_wrap_3x15 dut( .clk (clk),  .rst (rst),  .s00_axi_awid (s00_awid),  .s00_axi_awaddr (s00_awaddr),  .s00_axi_awlen (s00_awlen),  .s00_axi_awsize (s00_awsize),  .s00_axi_awburst (s00_awburst),  .s00_axi_awvalid (s00_awvalid),  .s00_axi_awready (s00_awready),  .s00_axi_wdata (s00_wdata),  .s00_axi_wstrb (s00_wstrb),  .s00_axi_wlast (s00_wlast),  .s00_axi_wvalid (s00_wvalid),  .s00_axi_wready (s00_wready),  .s00_axi_bid (s00_bid),  .s00_axi_bresp (s00_bresp),  .s00_axi_bvalid (s00_bvalid),  .s00_axi_bready (s00_bready),  .s00_axi_arid (s00_arid),  .s00_axi_araddr (s00_araddr),  .s00_axi_arlen (s00_arlen),  .s00_axi_arsize (s00_arsize),  .s00_axi_arburst (s00_arburst),  .s00_axi_arvalid (s00_arvalid),  .s00_axi_arready (s00_arready),  .s00_a ... "
  The following 64-bit expression is connected to 32-bit port "m08_axi_rdata" 
  of module "axi_interconnect_wrap_3x15", instance "dut".
  Expression: m_rdata[8]
  Instantiated module defined at: "../rtl/axi_interconnect_wrap_3x15.v", 34
  Use +lint=PCWM for more details.


Warning-[PCWM-W] Port connection width mismatch
../tb/tb_axi_interconnect_3x15.sv, 395
"axi_interconnect_wrap_3x15 dut( .clk (clk),  .rst (rst),  .s00_axi_awid (s00_awid),  .s00_axi_awaddr (s00_awaddr),  .s00_axi_awlen (s00_awlen),  .s00_axi_awsize (s00_awsize),  .s00_axi_awburst (s00_awburst),  .s00_axi_awvalid (s00_awvalid),  .s00_axi_awready (s00_awready),  .s00_axi_wdata (s00_wdata),  .s00_axi_wstrb (s00_wstrb),  .s00_axi_wlast (s00_wlast),  .s00_axi_wvalid (s00_wvalid),  .s00_axi_wready (s00_wready),  .s00_axi_bid (s00_bid),  .s00_axi_bresp (s00_bresp),  .s00_axi_bvalid (s00_bvalid),  .s00_axi_bready (s00_bready),  .s00_axi_arid (s00_arid),  .s00_axi_araddr (s00_araddr),  .s00_axi_arlen (s00_arlen),  .s00_axi_arsize (s00_arsize),  .s00_axi_arburst (s00_arburst),  .s00_axi_arvalid (s00_arvalid),  .s00_axi_arready (s00_arready),  .s00_a ... "
  The following 64-bit expression is connected to 32-bit port "m09_axi_wdata" 
  of module "axi_interconnect_wrap_3x15", instance "dut".
  Expression: m_wdata[9]
  Instantiated module defined at: "../rtl/axi_interconnect_wrap_3x15.v", 34
  Use +lint=PCWM for more details.


Warning-[PCWM-W] Port connection width mismatch
../tb/tb_axi_interconnect_3x15.sv, 395
"axi_interconnect_wrap_3x15 dut( .clk (clk),  .rst (rst),  .s00_axi_awid (s00_awid),  .s00_axi_awaddr (s00_awaddr),  .s00_axi_awlen (s00_awlen),  .s00_axi_awsize (s00_awsize),  .s00_axi_awburst (s00_awburst),  .s00_axi_awvalid (s00_awvalid),  .s00_axi_awready (s00_awready),  .s00_axi_wdata (s00_wdata),  .s00_axi_wstrb (s00_wstrb),  .s00_axi_wlast (s00_wlast),  .s00_axi_wvalid (s00_wvalid),  .s00_axi_wready (s00_wready),  .s00_axi_bid (s00_bid),  .s00_axi_bresp (s00_bresp),  .s00_axi_bvalid (s00_bvalid),  .s00_axi_bready (s00_bready),  .s00_axi_arid (s00_arid),  .s00_axi_araddr (s00_araddr),  .s00_axi_arlen (s00_arlen),  .s00_axi_arsize (s00_arsize),  .s00_axi_arburst (s00_arburst),  .s00_axi_arvalid (s00_arvalid),  .s00_axi_arready (s00_arready),  .s00_a ... "
  The following 8-bit expression is connected to 4-bit port "m09_axi_wstrb" of
  module "axi_interconnect_wrap_3x15", instance "dut".
  Expression: m_wstrb[9]
  Instantiated module defined at: "../rtl/axi_interconnect_wrap_3x15.v", 34
  Use +lint=PCWM for more details.


Warning-[PCWM-W] Port connection width mismatch
../tb/tb_axi_interconnect_3x15.sv, 395
"axi_interconnect_wrap_3x15 dut( .clk (clk),  .rst (rst),  .s00_axi_awid (s00_awid),  .s00_axi_awaddr (s00_awaddr),  .s00_axi_awlen (s00_awlen),  .s00_axi_awsize (s00_awsize),  .s00_axi_awburst (s00_awburst),  .s00_axi_awvalid (s00_awvalid),  .s00_axi_awready (s00_awready),  .s00_axi_wdata (s00_wdata),  .s00_axi_wstrb (s00_wstrb),  .s00_axi_wlast (s00_wlast),  .s00_axi_wvalid (s00_wvalid),  .s00_axi_wready (s00_wready),  .s00_axi_bid (s00_bid),  .s00_axi_bresp (s00_bresp),  .s00_axi_bvalid (s00_bvalid),  .s00_axi_bready (s00_bready),  .s00_axi_arid (s00_arid),  .s00_axi_araddr (s00_araddr),  .s00_axi_arlen (s00_arlen),  .s00_axi_arsize (s00_arsize),  .s00_axi_arburst (s00_arburst),  .s00_axi_arvalid (s00_arvalid),  .s00_axi_arready (s00_arready),  .s00_a ... "
  The following 64-bit expression is connected to 32-bit port "m09_axi_rdata" 
  of module "axi_interconnect_wrap_3x15", instance "dut".
  Expression: m_rdata[9]
  Instantiated module defined at: "../rtl/axi_interconnect_wrap_3x15.v", 34
  Use +lint=PCWM for more details.


Warning-[PCWM-W] Port connection width mismatch
../tb/tb_axi_interconnect_3x15.sv, 395
"axi_interconnect_wrap_3x15 dut( .clk (clk),  .rst (rst),  .s00_axi_awid (s00_awid),  .s00_axi_awaddr (s00_awaddr),  .s00_axi_awlen (s00_awlen),  .s00_axi_awsize (s00_awsize),  .s00_axi_awburst (s00_awburst),  .s00_axi_awvalid (s00_awvalid),  .s00_axi_awready (s00_awready),  .s00_axi_wdata (s00_wdata),  .s00_axi_wstrb (s00_wstrb),  .s00_axi_wlast (s00_wlast),  .s00_axi_wvalid (s00_wvalid),  .s00_axi_wready (s00_wready),  .s00_axi_bid (s00_bid),  .s00_axi_bresp (s00_bresp),  .s00_axi_bvalid (s00_bvalid),  .s00_axi_bready (s00_bready),  .s00_axi_arid (s00_arid),  .s00_axi_araddr (s00_araddr),  .s00_axi_arlen (s00_arlen),  .s00_axi_arsize (s00_arsize),  .s00_axi_arburst (s00_arburst),  .s00_axi_arvalid (s00_arvalid),  .s00_axi_arready (s00_arready),  .s00_a ... "
  The following 64-bit expression is connected to 32-bit port "m10_axi_wdata" 
  of module "axi_interconnect_wrap_3x15", instance "dut".
  Expression: m_wdata[10]
  Instantiated module defined at: "../rtl/axi_interconnect_wrap_3x15.v", 34
  Use +lint=PCWM for more details.


Warning-[PCWM-W] Port connection width mismatch
../tb/tb_axi_interconnect_3x15.sv, 395
"axi_interconnect_wrap_3x15 dut( .clk (clk),  .rst (rst),  .s00_axi_awid (s00_awid),  .s00_axi_awaddr (s00_awaddr),  .s00_axi_awlen (s00_awlen),  .s00_axi_awsize (s00_awsize),  .s00_axi_awburst (s00_awburst),  .s00_axi_awvalid (s00_awvalid),  .s00_axi_awready (s00_awready),  .s00_axi_wdata (s00_wdata),  .s00_axi_wstrb (s00_wstrb),  .s00_axi_wlast (s00_wlast),  .s00_axi_wvalid (s00_wvalid),  .s00_axi_wready (s00_wready),  .s00_axi_bid (s00_bid),  .s00_axi_bresp (s00_bresp),  .s00_axi_bvalid (s00_bvalid),  .s00_axi_bready (s00_bready),  .s00_axi_arid (s00_arid),  .s00_axi_araddr (s00_araddr),  .s00_axi_arlen (s00_arlen),  .s00_axi_arsize (s00_arsize),  .s00_axi_arburst (s00_arburst),  .s00_axi_arvalid (s00_arvalid),  .s00_axi_arready (s00_arready),  .s00_a ... "
  The following 8-bit expression is connected to 4-bit port "m10_axi_wstrb" of
  module "axi_interconnect_wrap_3x15", instance "dut".
  Expression: m_wstrb[10]
  Instantiated module defined at: "../rtl/axi_interconnect_wrap_3x15.v", 34
  Use +lint=PCWM for more details.


Warning-[PCWM-W] Port connection width mismatch
../tb/tb_axi_interconnect_3x15.sv, 395
"axi_interconnect_wrap_3x15 dut( .clk (clk),  .rst (rst),  .s00_axi_awid (s00_awid),  .s00_axi_awaddr (s00_awaddr),  .s00_axi_awlen (s00_awlen),  .s00_axi_awsize (s00_awsize),  .s00_axi_awburst (s00_awburst),  .s00_axi_awvalid (s00_awvalid),  .s00_axi_awready (s00_awready),  .s00_axi_wdata (s00_wdata),  .s00_axi_wstrb (s00_wstrb),  .s00_axi_wlast (s00_wlast),  .s00_axi_wvalid (s00_wvalid),  .s00_axi_wready (s00_wready),  .s00_axi_bid (s00_bid),  .s00_axi_bresp (s00_bresp),  .s00_axi_bvalid (s00_bvalid),  .s00_axi_bready (s00_bready),  .s00_axi_arid (s00_arid),  .s00_axi_araddr (s00_araddr),  .s00_axi_arlen (s00_arlen),  .s00_axi_arsize (s00_arsize),  .s00_axi_arburst (s00_arburst),  .s00_axi_arvalid (s00_arvalid),  .s00_axi_arready (s00_arready),  .s00_a ... "
  The following 64-bit expression is connected to 32-bit port "m10_axi_rdata" 
  of module "axi_interconnect_wrap_3x15", instance "dut".
  Expression: m_rdata[10]
  Instantiated module defined at: "../rtl/axi_interconnect_wrap_3x15.v", 34
  Use +lint=PCWM for more details.


Warning-[PCWM-W] Port connection width mismatch
../tb/tb_axi_interconnect_3x15.sv, 395
"axi_interconnect_wrap_3x15 dut( .clk (clk),  .rst (rst),  .s00_axi_awid (s00_awid),  .s00_axi_awaddr (s00_awaddr),  .s00_axi_awlen (s00_awlen),  .s00_axi_awsize (s00_awsize),  .s00_axi_awburst (s00_awburst),  .s00_axi_awvalid (s00_awvalid),  .s00_axi_awready (s00_awready),  .s00_axi_wdata (s00_wdata),  .s00_axi_wstrb (s00_wstrb),  .s00_axi_wlast (s00_wlast),  .s00_axi_wvalid (s00_wvalid),  .s00_axi_wready (s00_wready),  .s00_axi_bid (s00_bid),  .s00_axi_bresp (s00_bresp),  .s00_axi_bvalid (s00_bvalid),  .s00_axi_bready (s00_bready),  .s00_axi_arid (s00_arid),  .s00_axi_araddr (s00_araddr),  .s00_axi_arlen (s00_arlen),  .s00_axi_arsize (s00_arsize),  .s00_axi_arburst (s00_arburst),  .s00_axi_arvalid (s00_arvalid),  .s00_axi_arready (s00_arready),  .s00_a ... "
  The following 64-bit expression is connected to 32-bit port "m11_axi_wdata" 
  of module "axi_interconnect_wrap_3x15", instance "dut".
  Expression: m_wdata[11]
  Instantiated module defined at: "../rtl/axi_interconnect_wrap_3x15.v", 34
  Use +lint=PCWM for more details.


Warning-[PCWM-W] Port connection width mismatch
../tb/tb_axi_interconnect_3x15.sv, 395
"axi_interconnect_wrap_3x15 dut( .clk (clk),  .rst (rst),  .s00_axi_awid (s00_awid),  .s00_axi_awaddr (s00_awaddr),  .s00_axi_awlen (s00_awlen),  .s00_axi_awsize (s00_awsize),  .s00_axi_awburst (s00_awburst),  .s00_axi_awvalid (s00_awvalid),  .s00_axi_awready (s00_awready),  .s00_axi_wdata (s00_wdata),  .s00_axi_wstrb (s00_wstrb),  .s00_axi_wlast (s00_wlast),  .s00_axi_wvalid (s00_wvalid),  .s00_axi_wready (s00_wready),  .s00_axi_bid (s00_bid),  .s00_axi_bresp (s00_bresp),  .s00_axi_bvalid (s00_bvalid),  .s00_axi_bready (s00_bready),  .s00_axi_arid (s00_arid),  .s00_axi_araddr (s00_araddr),  .s00_axi_arlen (s00_arlen),  .s00_axi_arsize (s00_arsize),  .s00_axi_arburst (s00_arburst),  .s00_axi_arvalid (s00_arvalid),  .s00_axi_arready (s00_arready),  .s00_a ... "
  The following 8-bit expression is connected to 4-bit port "m11_axi_wstrb" of
  module "axi_interconnect_wrap_3x15", instance "dut".
  Expression: m_wstrb[11]
  Instantiated module defined at: "../rtl/axi_interconnect_wrap_3x15.v", 34
  Use +lint=PCWM for more details.


Warning-[PCWM-W] Port connection width mismatch
../tb/tb_axi_interconnect_3x15.sv, 395
"axi_interconnect_wrap_3x15 dut( .clk (clk),  .rst (rst),  .s00_axi_awid (s00_awid),  .s00_axi_awaddr (s00_awaddr),  .s00_axi_awlen (s00_awlen),  .s00_axi_awsize (s00_awsize),  .s00_axi_awburst (s00_awburst),  .s00_axi_awvalid (s00_awvalid),  .s00_axi_awready (s00_awready),  .s00_axi_wdata (s00_wdata),  .s00_axi_wstrb (s00_wstrb),  .s00_axi_wlast (s00_wlast),  .s00_axi_wvalid (s00_wvalid),  .s00_axi_wready (s00_wready),  .s00_axi_bid (s00_bid),  .s00_axi_bresp (s00_bresp),  .s00_axi_bvalid (s00_bvalid),  .s00_axi_bready (s00_bready),  .s00_axi_arid (s00_arid),  .s00_axi_araddr (s00_araddr),  .s00_axi_arlen (s00_arlen),  .s00_axi_arsize (s00_arsize),  .s00_axi_arburst (s00_arburst),  .s00_axi_arvalid (s00_arvalid),  .s00_axi_arready (s00_arready),  .s00_a ... "
  The following 64-bit expression is connected to 32-bit port "m11_axi_rdata" 
  of module "axi_interconnect_wrap_3x15", instance "dut".
  Expression: m_rdata[11]
  Instantiated module defined at: "../rtl/axi_interconnect_wrap_3x15.v", 34
  Use +lint=PCWM for more details.


Warning-[PCWM-W] Port connection width mismatch
../tb/tb_axi_interconnect_3x15.sv, 395
"axi_interconnect_wrap_3x15 dut( .clk (clk),  .rst (rst),  .s00_axi_awid (s00_awid),  .s00_axi_awaddr (s00_awaddr),  .s00_axi_awlen (s00_awlen),  .s00_axi_awsize (s00_awsize),  .s00_axi_awburst (s00_awburst),  .s00_axi_awvalid (s00_awvalid),  .s00_axi_awready (s00_awready),  .s00_axi_wdata (s00_wdata),  .s00_axi_wstrb (s00_wstrb),  .s00_axi_wlast (s00_wlast),  .s00_axi_wvalid (s00_wvalid),  .s00_axi_wready (s00_wready),  .s00_axi_bid (s00_bid),  .s00_axi_bresp (s00_bresp),  .s00_axi_bvalid (s00_bvalid),  .s00_axi_bready (s00_bready),  .s00_axi_arid (s00_arid),  .s00_axi_araddr (s00_araddr),  .s00_axi_arlen (s00_arlen),  .s00_axi_arsize (s00_arsize),  .s00_axi_arburst (s00_arburst),  .s00_axi_arvalid (s00_arvalid),  .s00_axi_arready (s00_arready),  .s00_a ... "
  The following 64-bit expression is connected to 32-bit port "m12_axi_wdata" 
  of module "axi_interconnect_wrap_3x15", instance "dut".
  Expression: m_wdata[12]
  Instantiated module defined at: "../rtl/axi_interconnect_wrap_3x15.v", 34
  Use +lint=PCWM for more details.


Warning-[PCWM-W] Port connection width mismatch
../tb/tb_axi_interconnect_3x15.sv, 395
"axi_interconnect_wrap_3x15 dut( .clk (clk),  .rst (rst),  .s00_axi_awid (s00_awid),  .s00_axi_awaddr (s00_awaddr),  .s00_axi_awlen (s00_awlen),  .s00_axi_awsize (s00_awsize),  .s00_axi_awburst (s00_awburst),  .s00_axi_awvalid (s00_awvalid),  .s00_axi_awready (s00_awready),  .s00_axi_wdata (s00_wdata),  .s00_axi_wstrb (s00_wstrb),  .s00_axi_wlast (s00_wlast),  .s00_axi_wvalid (s00_wvalid),  .s00_axi_wready (s00_wready),  .s00_axi_bid (s00_bid),  .s00_axi_bresp (s00_bresp),  .s00_axi_bvalid (s00_bvalid),  .s00_axi_bready (s00_bready),  .s00_axi_arid (s00_arid),  .s00_axi_araddr (s00_araddr),  .s00_axi_arlen (s00_arlen),  .s00_axi_arsize (s00_arsize),  .s00_axi_arburst (s00_arburst),  .s00_axi_arvalid (s00_arvalid),  .s00_axi_arready (s00_arready),  .s00_a ... "
  The following 8-bit expression is connected to 4-bit port "m12_axi_wstrb" of
  module "axi_interconnect_wrap_3x15", instance "dut".
  Expression: m_wstrb[12]
  Instantiated module defined at: "../rtl/axi_interconnect_wrap_3x15.v", 34
  Use +lint=PCWM for more details.


Warning-[PCWM-W] Port connection width mismatch
../tb/tb_axi_interconnect_3x15.sv, 395
"axi_interconnect_wrap_3x15 dut( .clk (clk),  .rst (rst),  .s00_axi_awid (s00_awid),  .s00_axi_awaddr (s00_awaddr),  .s00_axi_awlen (s00_awlen),  .s00_axi_awsize (s00_awsize),  .s00_axi_awburst (s00_awburst),  .s00_axi_awvalid (s00_awvalid),  .s00_axi_awready (s00_awready),  .s00_axi_wdata (s00_wdata),  .s00_axi_wstrb (s00_wstrb),  .s00_axi_wlast (s00_wlast),  .s00_axi_wvalid (s00_wvalid),  .s00_axi_wready (s00_wready),  .s00_axi_bid (s00_bid),  .s00_axi_bresp (s00_bresp),  .s00_axi_bvalid (s00_bvalid),  .s00_axi_bready (s00_bready),  .s00_axi_arid (s00_arid),  .s00_axi_araddr (s00_araddr),  .s00_axi_arlen (s00_arlen),  .s00_axi_arsize (s00_arsize),  .s00_axi_arburst (s00_arburst),  .s00_axi_arvalid (s00_arvalid),  .s00_axi_arready (s00_arready),  .s00_a ... "
  The following 64-bit expression is connected to 32-bit port "m12_axi_rdata" 
  of module "axi_interconnect_wrap_3x15", instance "dut".
  Expression: m_rdata[12]
  Instantiated module defined at: "../rtl/axi_interconnect_wrap_3x15.v", 34
  Use +lint=PCWM for more details.


Warning-[PCWM-W] Port connection width mismatch
../tb/tb_axi_interconnect_3x15.sv, 395
"axi_interconnect_wrap_3x15 dut( .clk (clk),  .rst (rst),  .s00_axi_awid (s00_awid),  .s00_axi_awaddr (s00_awaddr),  .s00_axi_awlen (s00_awlen),  .s00_axi_awsize (s00_awsize),  .s00_axi_awburst (s00_awburst),  .s00_axi_awvalid (s00_awvalid),  .s00_axi_awready (s00_awready),  .s00_axi_wdata (s00_wdata),  .s00_axi_wstrb (s00_wstrb),  .s00_axi_wlast (s00_wlast),  .s00_axi_wvalid (s00_wvalid),  .s00_axi_wready (s00_wready),  .s00_axi_bid (s00_bid),  .s00_axi_bresp (s00_bresp),  .s00_axi_bvalid (s00_bvalid),  .s00_axi_bready (s00_bready),  .s00_axi_arid (s00_arid),  .s00_axi_araddr (s00_araddr),  .s00_axi_arlen (s00_arlen),  .s00_axi_arsize (s00_arsize),  .s00_axi_arburst (s00_arburst),  .s00_axi_arvalid (s00_arvalid),  .s00_axi_arready (s00_arready),  .s00_a ... "
  The following 64-bit expression is connected to 32-bit port "m13_axi_wdata" 
  of module "axi_interconnect_wrap_3x15", instance "dut".
  Expression: m_wdata[13]
  Instantiated module defined at: "../rtl/axi_interconnect_wrap_3x15.v", 34
  Use +lint=PCWM for more details.


Warning-[PCWM-W] Port connection width mismatch
../tb/tb_axi_interconnect_3x15.sv, 395
"axi_interconnect_wrap_3x15 dut( .clk (clk),  .rst (rst),  .s00_axi_awid (s00_awid),  .s00_axi_awaddr (s00_awaddr),  .s00_axi_awlen (s00_awlen),  .s00_axi_awsize (s00_awsize),  .s00_axi_awburst (s00_awburst),  .s00_axi_awvalid (s00_awvalid),  .s00_axi_awready (s00_awready),  .s00_axi_wdata (s00_wdata),  .s00_axi_wstrb (s00_wstrb),  .s00_axi_wlast (s00_wlast),  .s00_axi_wvalid (s00_wvalid),  .s00_axi_wready (s00_wready),  .s00_axi_bid (s00_bid),  .s00_axi_bresp (s00_bresp),  .s00_axi_bvalid (s00_bvalid),  .s00_axi_bready (s00_bready),  .s00_axi_arid (s00_arid),  .s00_axi_araddr (s00_araddr),  .s00_axi_arlen (s00_arlen),  .s00_axi_arsize (s00_arsize),  .s00_axi_arburst (s00_arburst),  .s00_axi_arvalid (s00_arvalid),  .s00_axi_arready (s00_arready),  .s00_a ... "
  The following 8-bit expression is connected to 4-bit port "m13_axi_wstrb" of
  module "axi_interconnect_wrap_3x15", instance "dut".
  Expression: m_wstrb[13]
  Instantiated module defined at: "../rtl/axi_interconnect_wrap_3x15.v", 34
  Use +lint=PCWM for more details.


Warning-[PCWM-W] Port connection width mismatch
../tb/tb_axi_interconnect_3x15.sv, 395
"axi_interconnect_wrap_3x15 dut( .clk (clk),  .rst (rst),  .s00_axi_awid (s00_awid),  .s00_axi_awaddr (s00_awaddr),  .s00_axi_awlen (s00_awlen),  .s00_axi_awsize (s00_awsize),  .s00_axi_awburst (s00_awburst),  .s00_axi_awvalid (s00_awvalid),  .s00_axi_awready (s00_awready),  .s00_axi_wdata (s00_wdata),  .s00_axi_wstrb (s00_wstrb),  .s00_axi_wlast (s00_wlast),  .s00_axi_wvalid (s00_wvalid),  .s00_axi_wready (s00_wready),  .s00_axi_bid (s00_bid),  .s00_axi_bresp (s00_bresp),  .s00_axi_bvalid (s00_bvalid),  .s00_axi_bready (s00_bready),  .s00_axi_arid (s00_arid),  .s00_axi_araddr (s00_araddr),  .s00_axi_arlen (s00_arlen),  .s00_axi_arsize (s00_arsize),  .s00_axi_arburst (s00_arburst),  .s00_axi_arvalid (s00_arvalid),  .s00_axi_arready (s00_arready),  .s00_a ... "
  The following 64-bit expression is connected to 32-bit port "m13_axi_rdata" 
  of module "axi_interconnect_wrap_3x15", instance "dut".
  Expression: m_rdata[13]
  Instantiated module defined at: "../rtl/axi_interconnect_wrap_3x15.v", 34
  Use +lint=PCWM for more details.


Warning-[PCWM-W] Port connection width mismatch
../tb/tb_axi_interconnect_3x15.sv, 395
"axi_interconnect_wrap_3x15 dut( .clk (clk),  .rst (rst),  .s00_axi_awid (s00_awid),  .s00_axi_awaddr (s00_awaddr),  .s00_axi_awlen (s00_awlen),  .s00_axi_awsize (s00_awsize),  .s00_axi_awburst (s00_awburst),  .s00_axi_awvalid (s00_awvalid),  .s00_axi_awready (s00_awready),  .s00_axi_wdata (s00_wdata),  .s00_axi_wstrb (s00_wstrb),  .s00_axi_wlast (s00_wlast),  .s00_axi_wvalid (s00_wvalid),  .s00_axi_wready (s00_wready),  .s00_axi_bid (s00_bid),  .s00_axi_bresp (s00_bresp),  .s00_axi_bvalid (s00_bvalid),  .s00_axi_bready (s00_bready),  .s00_axi_arid (s00_arid),  .s00_axi_araddr (s00_araddr),  .s00_axi_arlen (s00_arlen),  .s00_axi_arsize (s00_arsize),  .s00_axi_arburst (s00_arburst),  .s00_axi_arvalid (s00_arvalid),  .s00_axi_arready (s00_arready),  .s00_a ... "
  The following 64-bit expression is connected to 32-bit port "m14_axi_wdata" 
  of module "axi_interconnect_wrap_3x15", instance "dut".
  Expression: m_wdata[14]
  Instantiated module defined at: "../rtl/axi_interconnect_wrap_3x15.v", 34
  Use +lint=PCWM for more details.


Warning-[PCWM-W] Port connection width mismatch
../tb/tb_axi_interconnect_3x15.sv, 395
"axi_interconnect_wrap_3x15 dut( .clk (clk),  .rst (rst),  .s00_axi_awid (s00_awid),  .s00_axi_awaddr (s00_awaddr),  .s00_axi_awlen (s00_awlen),  .s00_axi_awsize (s00_awsize),  .s00_axi_awburst (s00_awburst),  .s00_axi_awvalid (s00_awvalid),  .s00_axi_awready (s00_awready),  .s00_axi_wdata (s00_wdata),  .s00_axi_wstrb (s00_wstrb),  .s00_axi_wlast (s00_wlast),  .s00_axi_wvalid (s00_wvalid),  .s00_axi_wready (s00_wready),  .s00_axi_bid (s00_bid),  .s00_axi_bresp (s00_bresp),  .s00_axi_bvalid (s00_bvalid),  .s00_axi_bready (s00_bready),  .s00_axi_arid (s00_arid),  .s00_axi_araddr (s00_araddr),  .s00_axi_arlen (s00_arlen),  .s00_axi_arsize (s00_arsize),  .s00_axi_arburst (s00_arburst),  .s00_axi_arvalid (s00_arvalid),  .s00_axi_arready (s00_arready),  .s00_a ... "
  The following 8-bit expression is connected to 4-bit port "m14_axi_wstrb" of
  module "axi_interconnect_wrap_3x15", instance "dut".
  Expression: m_wstrb[14]
  Instantiated module defined at: "../rtl/axi_interconnect_wrap_3x15.v", 34
  Use +lint=PCWM for more details.


Warning-[PCWM-W] Port connection width mismatch
../tb/tb_axi_interconnect_3x15.sv, 395
"axi_interconnect_wrap_3x15 dut( .clk (clk),  .rst (rst),  .s00_axi_awid (s00_awid),  .s00_axi_awaddr (s00_awaddr),  .s00_axi_awlen (s00_awlen),  .s00_axi_awsize (s00_awsize),  .s00_axi_awburst (s00_awburst),  .s00_axi_awvalid (s00_awvalid),  .s00_axi_awready (s00_awready),  .s00_axi_wdata (s00_wdata),  .s00_axi_wstrb (s00_wstrb),  .s00_axi_wlast (s00_wlast),  .s00_axi_wvalid (s00_wvalid),  .s00_axi_wready (s00_wready),  .s00_axi_bid (s00_bid),  .s00_axi_bresp (s00_bresp),  .s00_axi_bvalid (s00_bvalid),  .s00_axi_bready (s00_bready),  .s00_axi_arid (s00_arid),  .s00_axi_araddr (s00_araddr),  .s00_axi_arlen (s00_arlen),  .s00_axi_arsize (s00_arsize),  .s00_axi_arburst (s00_arburst),  .s00_axi_arvalid (s00_arvalid),  .s00_axi_arready (s00_arready),  .s00_a ... "
  The following 64-bit expression is connected to 32-bit port "m14_axi_rdata" 
  of module "axi_interconnect_wrap_3x15", instance "dut".
  Expression: m_rdata[14]
  Instantiated module defined at: "../rtl/axi_interconnect_wrap_3x15.v", 34
  Use +lint=PCWM for more details.

Starting vcs inline pass...

10 modules and 0 UDP read.
recompiling module uvm_custom_install_verdi_recording
recompiling module tb_axi_interconnect_3x15
Both modules done.
	However, due to incremental compilation, only 2 modules need to be compiled. 
rm -f _cuarc*.so _csrc*.so pre_vcsobj_*.so share_vcsobj_*.so
if [ -x ../simv ]; then chmod a-x ../simv; fi
g++  -o ../simv      -rdynamic  -Wl,-rpath='$ORIGIN'/simv.daidir -Wl,-rpath=./simv.daidir \
-Wl,-rpath=/home/student/snps_tools_target/vcs/U-2023.03/linux64/lib -L/home/student/snps_tools_target/vcs/U-2023.03/linux64/lib \
-Wl,-rpath-link=./  /usr/lib64/libnuma.so.1 uvm_dpi.o uvm_verdi_dpi.o   objs/amcQw_d.o \
_163125_archive_1.so _prev_archive_1.so  SIM_l.o      rmapats_mop.o rmapats.o rmar.o \
rmar_nd.o  rmar_llvm_0_1.o rmar_llvm_0_0.o            -lvirsim -lerrorinf -lsnpsmalloc \
-lvfs    -lvcsnew -lsimprofile -luclinative /home/student/snps_tools_target/vcs/U-2023.03/linux64/lib/vcs_tls.o \
-Wl,-whole-archive  -lvcsucli    -Wl,-no-whole-archive       ./../simv.daidir/vc_hdrs.o \
_vcs_pli_stub_.o   /home/student/snps_tools_target/vcs/U-2023.03/linux64/lib/vcs_save_restore_new.o \
/home/student/snps_tools_target/verdi/U-2023.03-SP1/share/PLI/VCS/LINUX64/pli.a -ldl \
-lc -lm -lpthread -ldl 
../simv up to date
CPU time: 3.693 seconds to compile + .171 seconds to elab + .280 seconds to link
Verdi KDB elaboration done and the database successfully generated: 0 error(s), 0 warning(s)
